Archive member included to satisfy reference by file (symbol)

C:/ST/STM32CubeIDE_1.16.0/STM32CubeIDE/plugins/com.st.stm32cube.ide.mcu.externaltools.gnu-tools-for-stm32.12.3.rel1.win32_1.0.200.202406191623/tools/bin/../lib/gcc/arm-none-eabi/12.3.1/../../../../arm-none-eabi/lib/thumb/v7e-m+fp/hard\libc_nano.a(libc_a-exit.o)
                              C:/ST/STM32CubeIDE_1.16.0/STM32CubeIDE/plugins/com.st.stm32cube.ide.mcu.externaltools.gnu-tools-for-stm32.12.3.rel1.win32_1.0.200.202406191623/tools/bin/../lib/gcc/arm-none-eabi/12.3.1/../../../../arm-none-eabi/lib/thumb/v7e-m+fp/hard/crt0.o (exit)
C:/ST/STM32CubeIDE_1.16.0/STM32CubeIDE/plugins/com.st.stm32cube.ide.mcu.externaltools.gnu-tools-for-stm32.12.3.rel1.win32_1.0.200.202406191623/tools/bin/../lib/gcc/arm-none-eabi/12.3.1/../../../../arm-none-eabi/lib/thumb/v7e-m+fp/hard\libc_nano.a(libc_a-findfp.o)
                              C:/ST/STM32CubeIDE_1.16.0/STM32CubeIDE/plugins/com.st.stm32cube.ide.mcu.externaltools.gnu-tools-for-stm32.12.3.rel1.win32_1.0.200.202406191623/tools/bin/../lib/gcc/arm-none-eabi/12.3.1/../../../../arm-none-eabi/lib/thumb/v7e-m+fp/hard\libc_nano.a(libc_a-exit.o) (__stdio_exit_handler)
C:/ST/STM32CubeIDE_1.16.0/STM32CubeIDE/plugins/com.st.stm32cube.ide.mcu.externaltools.gnu-tools-for-stm32.12.3.rel1.win32_1.0.200.202406191623/tools/bin/../lib/gcc/arm-none-eabi/12.3.1/../../../../arm-none-eabi/lib/thumb/v7e-m+fp/hard\libc_nano.a(libc_a-fwalk.o)
                              C:/ST/STM32CubeIDE_1.16.0/STM32CubeIDE/plugins/com.st.stm32cube.ide.mcu.externaltools.gnu-tools-for-stm32.12.3.rel1.win32_1.0.200.202406191623/tools/bin/../lib/gcc/arm-none-eabi/12.3.1/../../../../arm-none-eabi/lib/thumb/v7e-m+fp/hard\libc_nano.a(libc_a-findfp.o) (_fwalk_sglue)
C:/ST/STM32CubeIDE_1.16.0/STM32CubeIDE/plugins/com.st.stm32cube.ide.mcu.externaltools.gnu-tools-for-stm32.12.3.rel1.win32_1.0.200.202406191623/tools/bin/../lib/gcc/arm-none-eabi/12.3.1/../../../../arm-none-eabi/lib/thumb/v7e-m+fp/hard\libc_nano.a(libc_a-stdio.o)
                              C:/ST/STM32CubeIDE_1.16.0/STM32CubeIDE/plugins/com.st.stm32cube.ide.mcu.externaltools.gnu-tools-for-stm32.12.3.rel1.win32_1.0.200.202406191623/tools/bin/../lib/gcc/arm-none-eabi/12.3.1/../../../../arm-none-eabi/lib/thumb/v7e-m+fp/hard\libc_nano.a(libc_a-findfp.o) (__sread)
C:/ST/STM32CubeIDE_1.16.0/STM32CubeIDE/plugins/com.st.stm32cube.ide.mcu.externaltools.gnu-tools-for-stm32.12.3.rel1.win32_1.0.200.202406191623/tools/bin/../lib/gcc/arm-none-eabi/12.3.1/../../../../arm-none-eabi/lib/thumb/v7e-m+fp/hard\libc_nano.a(libc_a-memset.o)
                              C:/ST/STM32CubeIDE_1.16.0/STM32CubeIDE/plugins/com.st.stm32cube.ide.mcu.externaltools.gnu-tools-for-stm32.12.3.rel1.win32_1.0.200.202406191623/tools/bin/../lib/gcc/arm-none-eabi/12.3.1/../../../../arm-none-eabi/lib/thumb/v7e-m+fp/hard/crt0.o (memset)
C:/ST/STM32CubeIDE_1.16.0/STM32CubeIDE/plugins/com.st.stm32cube.ide.mcu.externaltools.gnu-tools-for-stm32.12.3.rel1.win32_1.0.200.202406191623/tools/bin/../lib/gcc/arm-none-eabi/12.3.1/../../../../arm-none-eabi/lib/thumb/v7e-m+fp/hard\libc_nano.a(libc_a-closer.o)
                              C:/ST/STM32CubeIDE_1.16.0/STM32CubeIDE/plugins/com.st.stm32cube.ide.mcu.externaltools.gnu-tools-for-stm32.12.3.rel1.win32_1.0.200.202406191623/tools/bin/../lib/gcc/arm-none-eabi/12.3.1/../../../../arm-none-eabi/lib/thumb/v7e-m+fp/hard\libc_nano.a(libc_a-stdio.o) (_close_r)
C:/ST/STM32CubeIDE_1.16.0/STM32CubeIDE/plugins/com.st.stm32cube.ide.mcu.externaltools.gnu-tools-for-stm32.12.3.rel1.win32_1.0.200.202406191623/tools/bin/../lib/gcc/arm-none-eabi/12.3.1/../../../../arm-none-eabi/lib/thumb/v7e-m+fp/hard\libc_nano.a(libc_a-reent.o)
                              C:/ST/STM32CubeIDE_1.16.0/STM32CubeIDE/plugins/com.st.stm32cube.ide.mcu.externaltools.gnu-tools-for-stm32.12.3.rel1.win32_1.0.200.202406191623/tools/bin/../lib/gcc/arm-none-eabi/12.3.1/../../../../arm-none-eabi/lib/thumb/v7e-m+fp/hard\libc_nano.a(libc_a-closer.o) (errno)
C:/ST/STM32CubeIDE_1.16.0/STM32CubeIDE/plugins/com.st.stm32cube.ide.mcu.externaltools.gnu-tools-for-stm32.12.3.rel1.win32_1.0.200.202406191623/tools/bin/../lib/gcc/arm-none-eabi/12.3.1/../../../../arm-none-eabi/lib/thumb/v7e-m+fp/hard\libc_nano.a(libc_a-impure.o)
                              C:/ST/STM32CubeIDE_1.16.0/STM32CubeIDE/plugins/com.st.stm32cube.ide.mcu.externaltools.gnu-tools-for-stm32.12.3.rel1.win32_1.0.200.202406191623/tools/bin/../lib/gcc/arm-none-eabi/12.3.1/../../../../arm-none-eabi/lib/thumb/v7e-m+fp/hard\libc_nano.a(libc_a-reent.o) (_impure_ptr)
C:/ST/STM32CubeIDE_1.16.0/STM32CubeIDE/plugins/com.st.stm32cube.ide.mcu.externaltools.gnu-tools-for-stm32.12.3.rel1.win32_1.0.200.202406191623/tools/bin/../lib/gcc/arm-none-eabi/12.3.1/../../../../arm-none-eabi/lib/thumb/v7e-m+fp/hard\libc_nano.a(libc_a-lseekr.o)
[...]
Memory Configuration

Name             Origin             Length             Attributes
CCMRAM           0x10000000         0x00010000         xrw
RAM              0x20000000         0x00020000         xrw
FLASH            0x08000000         0x00100000         xr
*default*        0x00000000         0xffffffff

Linker script and memory map

LOAD C:/ST/STM32CubeIDE_1.16.0/STM32CubeIDE/plugins/com.st.stm32cube.ide.mcu.externaltools.gnu-tools-for-stm32.12.3.rel1.win32_1.0.200.202406191623/tools/bin/../lib/gcc/arm-none-eabi/12.3.1/thumb/v7e-m+fp/hard/crti.o
LOAD C:/ST/STM32CubeIDE_1.16.0/STM32CubeIDE/plugins/com.st.stm32cube.ide.mcu.externaltools.gnu-tools-for-stm32.12.3.rel1.win32_1.0.200.202406191623/tools/bin/../lib/gcc/arm-none-eabi/12.3.1/thumb/v7e-m+fp/hard/crtbegin.o
LOAD C:/ST/STM32CubeIDE_1.16.0/STM32CubeIDE/plugins/com.st.stm32cube.ide.mcu.externaltools.gnu-tools-for-stm32.12.3.rel1.win32_1.0.200.202406191623/tools/bin/../lib/gcc/arm-none-eabi/12.3.1/../../../../arm-none-eabi/lib/thumb/v7e-m+fp/hard/crt0.o
LOAD ./Core/Src/CS5361.o
LOAD ./Core/Src/cs43l22.o
LOAD ./Core/Src/main.o
LOAD ./Core/Src/stm32f4xx_hal_msp.o
LOAD ./Core/Src/stm32f4xx_it.o
LOAD ./Core/Src/syscalls.o
LOAD ./Core/Src/sysmem.o
LOAD ./Core/Src/system_stm32f4xx.o
LOAD ./Core/Startup/startup_stm32f407vgtx.o
LOAD ./Drivers/STM32F4xx_HAL_Driver/Src/stm32f4xx_hal.o
LOAD ./Drivers/STM32F4xx_HAL_Driver/Src/stm32f4xx_hal_cortex.o
LOAD ./Drivers/STM32F4xx_HAL_Driver/Src/stm32f4xx_hal_crc.o
LOAD ./Drivers/STM32F4xx_HAL_Driver/Src/stm32f4xx_hal_dma.o
LOAD ./Drivers/STM32F4xx_HAL_Driver/Src/stm32f4xx_hal_dma_ex.o
LOAD ./Drivers/STM32F4xx_HAL_Driver/Src/stm32f4xx_hal_exti.o
LOAD ./Drivers/STM32F4xx_HAL_Driver/Src/stm32f4xx_hal_flash.o
LOAD ./Drivers/STM32F4xx_HAL_Driver/Src/stm32f4xx_hal_flash_ex.o
LOAD ./Drivers/STM32F4xx_HAL_Driver/Src/stm32f4xx_hal_flash_ramfunc.o
LOAD ./Drivers/STM32F4xx_HAL_Driver/Src/stm32f4xx_hal_gpio.o
LOAD ./Drivers/STM32F4xx_HAL_Driver/Src/stm32f4xx_hal_i2s.o
LOAD ./Drivers/STM32F4xx_HAL_Driver/Src/stm32f4xx_hal_i2s_ex.o
LOAD ./Drivers/STM32F4xx_HAL_Driver/Src/stm32f4xx_hal_pcd.o
LOAD ./Drivers/STM32F4xx_HAL_Driver/Src/stm32f4xx_hal_pcd_ex.o
LOAD ./Drivers/STM32F4xx_HAL_Driver/Src/stm32f4xx_hal_pwr.o
LOAD ./Drivers/STM32F4xx_HAL_Driver/Src/stm32f4xx_hal_pwr_ex.o
LOAD ./Drivers/STM32F4xx_HAL_Driver/Src/stm32f4xx_hal_rcc.o
LOAD ./Drivers/STM32F4xx_HAL_Driver/Src/stm32f4xx_hal_rcc_ex.o
LOAD ./Drivers/STM32F4xx_HAL_Driver/Src/stm32f4xx_hal_tim.o
LOAD ./Drivers/STM32F4xx_HAL_Driver/Src/stm32f4xx_hal_tim_ex.o
LOAD ./Drivers/STM32F4xx_HAL_Driver/Src/stm32f4xx_ll_usb.o
LOAD ./Middlewares/ST/STM32_USB_Device_Library/Class/AUDIO/Src/usbd_audio.o
LOAD ./Middlewares/ST/STM32_USB_Device_Library/Core/Src/usbd_core.o
LOAD ./Middlewares/ST/STM32_USB_Device_Library/Core/Src/usbd_ctlreq.o
LOAD ./Middlewares/ST/STM32_USB_Device_Library/Core/Src/usbd_ioreq.o
LOAD ./USB_DEVICE/App/usb_device.o
LOAD ./USB_DEVICE/App/usbd_audio_if.o
LOAD ./USB_DEVICE/App/usbd_desc.o
LOAD ./USB_DEVICE/Target/usbd_conf.o
START GROUP
LOAD C:/ST/STM32CubeIDE_1.16.0/STM32CubeIDE/plugins/com.st.stm32cube.ide.mcu.externaltools.gnu-tools-for-stm32.12.3.rel1.win32_1.0.200.202406191623/tools/bin/../lib/gcc/arm-none-eabi/12.3.1/../../../../arm-none-eabi/lib/thumb/v7e-m+fp/hard\libc_nano.a
LOAD C:/ST/STM32CubeIDE_1.16.0/STM32CubeIDE/plugins/com.st.stm32cube.ide.mcu.externaltools.gnu-tools-for-stm32.12.3.rel1.win32_1.0.200.202406191623/tools/bin/../lib/gcc/arm-none-eabi/12.3.1/../../../../arm-none-eabi/lib/thumb/v7e-m+fp/hard\libm.a
END GROUP
START GROUP
LOAD C:/ST/STM32CubeIDE_1.16.0/STM32CubeIDE/plugins/com.st.stm32cube.ide.mcu.externaltools.gnu-tools-for-stm32.12.3.rel1.win32_1.0.200.202406191623/tools/bin/../lib/gcc/arm-none-eabi/12.3.1/thumb/v7e-m+fp/hard\libgcc.a
LOAD C:/ST/STM32CubeIDE_1.16.0/STM32CubeIDE/plugins/com.st.stm32cube.ide.mcu.externaltools.gnu-tools-for-stm32.12.3.rel1.win32_1.0.200.202406191623/tools/bin/../lib/gcc/arm-none-eabi/12.3.1/../../../../arm-none-eabi/lib/thumb/v7e-m+fp/hard\libc_nano.a
END GROUP
START GROUP
LOAD C:/ST/STM32CubeIDE_1.16.0/STM32CubeIDE/plugins/com.st.stm32cube.ide.mcu.externaltools.gnu-tools-for-stm32.12.3.rel1.win32_1.0.200.202406191623/tools/bin/../lib/gcc/arm-none-eabi/12.3.1/thumb/v7e-m+fp/hard\libgcc.a
LOAD C:/ST/STM32CubeIDE_1.16.0/STM32CubeIDE/plugins/com.st.stm32cube.ide.mcu.externaltools.gnu-tools-for-stm32.12.3.rel1.win32_1.0.200.202406191623/tools/bin/../lib/gcc/arm-none-eabi/12.3.1/../../../../arm-none-eabi/lib/thumb/v7e-m+fp/hard\libc_nano.a
LOAD C:/ST/STM32CubeIDE_1.16.0/STM32CubeIDE/plugins/com.st.stm32cube.ide.mcu.externaltools.gnu-tools-for-stm32.12.3.rel1.win32_1.0.200.202406191623/tools/bin/../lib/gcc/arm-none-eabi/12.3.1/../../../../arm-none-eabi/lib/thumb/v7e-m+fp/hard\libnosys.a
END GROUP
START GROUP
LOAD C:/ST/STM32CubeIDE_1.16.0/STM32CubeIDE/plugins/com.st.stm32cube.ide.mcu.externaltools.gnu-tools-for-stm32.12.3.rel1.win32_1.0.200.202406191623/tools/bin/../lib/gcc/arm-none-eabi/12.3.1/thumb/v7e-m+fp/hard\libgcc.a
LOAD C:/ST/STM32CubeIDE_1.16.0/STM32CubeIDE/plugins/com.st.stm32cube.ide.mcu.externaltools.gnu-tools-for-stm32.12.3.rel1.win32_1.0.200.202406191623/tools/bin/../lib/gcc/arm-none-eabi/12.3.1/../../../../arm-none-eabi/lib/thumb/v7e-m+fp/hard\libc_nano.a
LOAD C:/ST/STM32CubeIDE_1.16.0/STM32CubeIDE/plugins/com.st.stm32cube.ide.mcu.externaltools.gnu-tools-for-stm32.12.3.rel1.win32_1.0.200.202406191623/tools/bin/../lib/gcc/arm-none-eabi/12.3.1/../../../../arm-none-eabi/lib/thumb/v7e-m+fp/hard\libnosys.a
END GROUP
LOAD C:/ST/STM32CubeIDE_1.16.0/STM32CubeIDE/plugins/com.st.stm32cube.ide.mcu.externaltools.gnu-tools-for-stm32.12.3.rel1.win32_1.0.200.202406191623/tools/bin/../lib/gcc/arm-none-eabi/12.3.1/thumb/v7e-m+fp/hard/crtend.o
LOAD C:/ST/STM32CubeIDE_1.16.0/STM32CubeIDE/plugins/com.st.stm32cube.ide.mcu.externaltools.gnu-tools-for-stm32.12.3.rel1.win32_1.0.200.202406191623/tools/bin/../lib/gcc/arm-none-eabi/12.3.1/thumb/v7e-m+fp/hard/crtn.o
                0x20020000                        _estack = (ORIGIN (RAM) + LENGTH (RAM))
                0x00002000                        _Min_Heap_Size = 0x2000
                0x00004000                        _Min_Stack_Size = 0x4000

.isr_vector     0x08000000      0x188
                0x08000000                        . = ALIGN (0x4)
 *(.isr_vector)
 .isr_vector    0x08000000      0x188 ./Core/Startup/startup_stm32f407vgtx.o
                0x08000000                g_pfnVectors
                0x08000188                        . = ALIGN (0x4)

.text           0x08000188     0x8f9c
                0x08000188                        . = ALIGN (0x4)
 *(.text)
 .text          0x08000188       0x40 C:/ST/STM32CubeIDE_1.16.0/STM32CubeIDE/plugins/com.st.stm32cube.ide.mcu.externaltools.gnu-tools-for-stm32.12.3.rel1.win32_1.0.200.202406191623/tools/bin/../lib/gcc/arm-none-eabi/12.3.1/thumb/v7e-m+fp/hard/crtbegin.o
 .text          0x080001c8       0x30 C:/ST/STM32CubeIDE_1.16.0/STM32CubeIDE/plugins/com.st.stm32cube.ide.mcu.externaltools.gnu-tools-for-stm32.12.3.rel1.win32_1.0.200.202406191623/tools/bin/../lib/gcc/arm-none-eabi/12.3.1/thumb/v7e-m+fp/hard\libgcc.a(_aeabi_uldivmod.o)
                0x080001c8                __aeabi_uldivmod
 .text          0x080001f8      0x2bc C:/ST/STM32CubeIDE_1.16.0/STM32CubeIDE/plugins/com.st.stm32cube.ide.mcu.externaltools.gnu-tools-for-stm32.12.3.rel1.win32_1.0.200.202406191623/tools/bin/../lib/gcc/arm-none-eabi/12.3.1/thumb/v7e-m+fp/hard\libgcc.a(_udivmoddi4.o)
                0x080001f8                __udivmoddi4
 .text          0x080004b4        0x4 C:/ST/STM32CubeIDE_1.16.0/STM32CubeIDE/plugins/com.st.stm32cube.ide.mcu.externaltools.gnu-tools-for-stm32.12.3.rel1.win32_1.0.200.202406191623/tools/bin/../lib/gcc/arm-none-eabi/12.3.1/thumb/v7e-m+fp/hard\libgcc.a(_dvmd_tls.o)
                0x080004b4                __aeabi_idiv0
                0x080004b4                __aeabi_ldiv0
 *(.text*)
 .text.cs5361_set_mode
                0x080004b8       0x40 ./Core/Src/CS5361.o
                0x080004b8                cs5361_set_mode
 .text.cs5361_set_speed_mode
                0x080004f8       0x7c ./Core/Src/CS5361.o
                0x080004f8                cs5361_set_speed_mode
 .text.cs5361_set_mdiv
                0x08000574       0x40 ./Core/Src/CS5361.o
                0x08000574                cs5361_set_mdiv
 .text.cs5361_set_hpf
                0x080005b4       0x40 ./Core/Src/CS5361.o
                0x080005b4                cs5361_set_hpf
 .text.cs5361_set_sa
                0x080005f4       0x40 ./Core/Src/CS5361.o
                0x080005f4                cs5361_set_sa
 .text.cs5361_powerup
                0x08000634       0x18 ./Core/Src/CS5361.o
                0x08000634                cs5361_powerup
 .text.cs5361_init
                0x0800064c       0x2a ./Core/Src/CS5361.o
                0x0800064c                cs5361_init
 *fill*         0x08000676        0x2 
 .text.I2S_TO_CS5361
                0x08000678       0x64 ./Core/Src/main.o
                0x08000678                I2S_TO_CS5361
 .text.HAL_I2S_RxHalfCpltCallback
                0x080006dc       0xa8 ./Core/Src/main.o
                0x080006dc                HAL_I2S_RxHalfCpltCallback
 .text.HAL_I2S_RxCpltCallback
                0x08000784       0xc0 ./Core/Src/main.o
                0x08000784                HAL_I2S_RxCpltCallback
 .text.USB_Audio_Ready
                0x08000844       0x34 ./Core/Src/main.o
                0x08000844                USB_Audio_Ready
 .text.main     0x08000878      0x238 ./Core/Src/main.o
                0x08000878                main
 .text.SystemClock_Config
                0x08000ab0       0xd4 ./Core/Src/main.o
                0x08000ab0                SystemClock_Config
 .text.MX_CRC_Init
                0x08000b84       0x28 ./Core/Src/main.o
 .text.MX_I2S3_Init
                0x08000bac       0x5c ./Core/Src/main.o
 .text.MX_TIM4_Init
                0x08000c08       0x98 ./Core/Src/main.o
 .text.MX_DMA_Init
                0x08000ca0       0x40 ./Core/Src/main.o
 .text.MX_GPIO_Init
                0x08000ce0      0x140 ./Core/Src/main.o
 .text.Error_Handler
                0x08000e20        0xc ./Core/Src/main.o
                0x08000e20                Error_Handler
 .text.HAL_MspInit
                0x08000e2c       0x50 ./Core/Src/stm32f4xx_hal_msp.o
                0x08000e2c                HAL_MspInit
 .text.HAL_CRC_MspInit
                0x08000e7c       0x44 ./Core/Src/stm32f4xx_hal_msp.o
                0x08000e7c                HAL_CRC_MspInit
 .text.HAL_I2S_MspInit
                0x08000ec0      0x17c ./Core/Src/stm32f4xx_hal_msp.o
                0x08000ec0                HAL_I2S_MspInit
 .text.HAL_TIM_Base_MspInit
                0x0800103c       0x50 ./Core/Src/stm32f4xx_hal_msp.o
                0x0800103c                HAL_TIM_Base_MspInit
 .text.NMI_Handler
                0x0800108c        0x8 ./Core/Src/stm32f4xx_it.o
                0x0800108c                NMI_Handler
 .text.HardFault_Handler
                0x08001094        0x8 ./Core/Src/stm32f4xx_it.o
                0x08001094                HardFault_Handler
 .text.MemManage_Handler
                0x0800109c        0x8 ./Core/Src/stm32f4xx_it.o
                0x0800109c                MemManage_Handler
 .text.BusFault_Handler
                0x080010a4        0x8 ./Core/Src/stm32f4xx_it.o
                0x080010a4                BusFault_Handler
 .text.UsageFault_Handler
                0x080010ac        0x8 ./Core/Src/stm32f4xx_it.o
                0x080010ac                UsageFault_Handler
 .text.SVC_Handler
                0x080010b4        0xe ./Core/Src/stm32f4xx_it.o
                0x080010b4                SVC_Handler
 .text.DebugMon_Handler
                0x080010c2        0xe ./Core/Src/stm32f4xx_it.o
                0x080010c2                DebugMon_Handler
 .text.PendSV_Handler
                0x080010d0        0xe ./Core/Src/stm32f4xx_it.o
                0x080010d0                PendSV_Handler
 .text.SysTick_Handler
                0x080010de        0xc ./Core/Src/stm32f4xx_it.o
                0x080010de                SysTick_Handler
 *fill*         0x080010ea        0x2 
 .text.DMA1_Stream0_IRQHandler
                0x080010ec       0x14 ./Core/Src/stm32f4xx_it.o
                0x080010ec                DMA1_Stream0_IRQHandler
 .text.TIM4_IRQHandler
                0x08001100       0x14 ./Core/Src/stm32f4xx_it.o
                0x08001100                TIM4_IRQHandler
 .text.SPI3_IRQHandler
                0x08001114       0x14 ./Core/Src/stm32f4xx_it.o
                0x08001114                SPI3_IRQHandler
 .text.OTG_FS_IRQHandler
                0x08001128       0x14 ./Core/Src/stm32f4xx_it.o
                0x08001128                OTG_FS_IRQHandler
 .text.SystemInit
                0x0800113c       0x24 ./Core/Src/system_stm32f4xx.o
                0x0800113c                SystemInit
 .text.Reset_Handler
                0x08001160       0x50 ./Core/Startup/startup_stm32f407vgtx.o
                0x08001160                Reset_Handler
 .text.Default_Handler
                0x080011b0        0x2 ./Core/Startup/startup_stm32f407vgtx.o
                0x080011b0                RTC_Alarm_IRQHandler
                0x080011b0                HASH_RNG_IRQHandler
                0x080011b0                EXTI2_IRQHandler
                0x080011b0                TIM8_CC_IRQHandler
                0x080011b0                TIM1_CC_IRQHandler
                0x080011b0                DMA2_Stream5_IRQHandler
                0x080011b0                DMA1_Stream5_IRQHandler
                0x080011b0                PVD_IRQHandler
                0x080011b0                SDIO_IRQHandler
                0x080011b0                TAMP_STAMP_IRQHandler
                0x080011b0                CAN2_RX1_IRQHandler
                0x080011b0                EXTI3_IRQHandler
                0x080011b0                TIM8_TRG_COM_TIM14_IRQHandler
                0x080011b0                TIM1_UP_TIM10_IRQHandler
                0x080011b0                TIM8_UP_TIM13_IRQHandler
                0x080011b0                I2C3_ER_IRQHandler
                0x080011b0                EXTI0_IRQHandler
                0x080011b0                I2C2_EV_IRQHandler
                0x080011b0                DMA1_Stream2_IRQHandler
                0x080011b0                CAN1_RX0_IRQHandler
                0x080011b0                FPU_IRQHandler
                0x080011b0                OTG_HS_WKUP_IRQHandler
                0x080011b0                CAN2_SCE_IRQHandler
                0x080011b0                DMA2_Stream2_IRQHandler
                0x080011b0                SPI1_IRQHandler
                0x080011b0                TIM6_DAC_IRQHandler
                0x080011b0                TIM1_BRK_TIM9_IRQHandler
                0x080011b0                DCMI_IRQHandler
                0x080011b0                CAN2_RX0_IRQHandler
                0x080011b0                DMA2_Stream3_IRQHandler
                0x080011b0                USART6_IRQHandler
                0x080011b0                USART3_IRQHandler
                0x080011b0                CAN1_RX1_IRQHandler
                0x080011b0                UART5_IRQHandler
                0x080011b0                DMA2_Stream0_IRQHandler
                0x080011b0                I2C1_EV_IRQHandler
                0x080011b0                DMA1_Stream6_IRQHandler
                0x080011b0                DMA1_Stream1_IRQHandler
                0x080011b0                UART4_IRQHandler
                0x080011b0                TIM3_IRQHandler
                0x080011b0                RCC_IRQHandler
                0x080011b0                TIM8_BRK_TIM12_IRQHandler
                0x080011b0                Default_Handler
                0x080011b0                EXTI15_10_IRQHandler
                0x080011b0                ADC_IRQHandler
                0x080011b0                DMA1_Stream7_IRQHandler
                0x080011b0                TIM7_IRQHandler
                0x080011b0                CAN2_TX_IRQHandler
                0x080011b0                TIM5_IRQHandler
                0x080011b0                DMA2_Stream7_IRQHandler
                0x080011b0                I2C3_EV_IRQHandler
                0x080011b0                EXTI9_5_IRQHandler
                0x080011b0                RTC_WKUP_IRQHandler
                0x080011b0                ETH_WKUP_IRQHandler
                0x080011b0                SPI2_IRQHandler
                0x080011b0                OTG_HS_EP1_IN_IRQHandler
                0x080011b0                CAN1_TX_IRQHandler
                0x080011b0                EXTI4_IRQHandler
                0x080011b0                FSMC_IRQHandler
                0x080011b0                ETH_IRQHandler
                0x080011b0                OTG_HS_EP1_OUT_IRQHandler
                0x080011b0                WWDG_IRQHandler
                0x080011b0                TIM2_IRQHandler
                0x080011b0                OTG_FS_WKUP_IRQHandler
                0x080011b0                TIM1_TRG_COM_TIM11_IRQHandler
                0x080011b0                OTG_HS_IRQHandler
                0x080011b0                EXTI1_IRQHandler
                0x080011b0                USART2_IRQHandler
                0x080011b0                I2C2_ER_IRQHandler
                0x080011b0                DMA2_Stream1_IRQHandler
                0x080011b0                CAN1_SCE_IRQHandler
                0x080011b0                FLASH_IRQHandler
                0x080011b0                DMA2_Stream4_IRQHandler
                0x080011b0                USART1_IRQHandler
                0x080011b0                DMA1_Stream4_IRQHandler
                0x080011b0                I2C1_ER_IRQHandler
                0x080011b0                DMA2_Stream6_IRQHandler
                0x080011b0                DMA1_Stream3_IRQHandler
 *fill*         0x080011b2        0x2 
 .text.HAL_Init
                0x080011b4       0x44 ./Drivers/STM32F4xx_HAL_Driver/Src/stm32f4xx_hal.o
                0x080011b4                HAL_Init
 .text.HAL_InitTick
                0x080011f8       0x60 ./Drivers/STM32F4xx_HAL_Driver/Src/stm32f4xx_hal.o
                0x080011f8                HAL_InitTick
 .text.HAL_IncTick
                0x08001258       0x28 ./Drivers/STM32F4xx_HAL_Driver/Src/stm32f4xx_hal.o
                0x08001258                HAL_IncTick
 .text.HAL_GetTick
                0x08001280       0x18 ./Drivers/STM32F4xx_HAL_Driver/Src/stm32f4xx_hal.o
                0x08001280                HAL_GetTick
 .text.HAL_Delay
                0x08001298       0x48 ./Drivers/STM32F4xx_HAL_Driver/Src/stm32f4xx_hal.o
                0x08001298                HAL_Delay
 .text.__NVIC_SetPriorityGrouping
                0x080012e0       0x48 ./Drivers/STM32F4xx_HAL_Driver/Src/stm32f4xx_hal_cortex.o
 .text.__NVIC_GetPriorityGrouping
                0x08001328       0x1c ./Drivers/STM32F4xx_HAL_Driver/Src/stm32f4xx_hal_cortex.o
 .text.__NVIC_EnableIRQ
                0x08001344       0x3c ./Drivers/STM32F4xx_HAL_Driver/Src/stm32f4xx_hal_cortex.o
 .text.__NVIC_SetPriority
                0x08001380       0x54 ./Drivers/STM32F4xx_HAL_Driver/Src/stm32f4xx_hal_cortex.o
 .text.NVIC_EncodePriority
                0x080013d4       0x66 ./Drivers/STM32F4xx_HAL_Driver/Src/stm32f4xx_hal_cortex.o
 *fill*         0x0800143a        0x2 
 .text.SysTick_Config
                0x0800143c       0x44 ./Drivers/STM32F4xx_HAL_Driver/Src/stm32f4xx_hal_cortex.o
 .text.HAL_NVIC_SetPriorityGrouping
                0x08001480       0x16 ./Drivers/STM32F4xx_HAL_Driver/Src/stm32f4xx_hal_cortex.o
                0x08001480                HAL_NVIC_SetPriorityGrouping
 .text.HAL_NVIC_SetPriority
                0x08001496       0x38 ./Drivers/STM32F4xx_HAL_Driver/Src/stm32f4xx_hal_cortex.o
                0x08001496                HAL_NVIC_SetPriority
 .text.HAL_NVIC_EnableIRQ
                0x080014ce       0x1c ./Drivers/STM32F4xx_HAL_Driver/Src/stm32f4xx_hal_cortex.o
                0x080014ce                HAL_NVIC_EnableIRQ
 .text.HAL_SYSTICK_Config
                0x080014ea       0x18 ./Drivers/STM32F4xx_HAL_Driver/Src/stm32f4xx_hal_cortex.o
                0x080014ea                HAL_SYSTICK_Config
 .text.HAL_CRC_Init
                0x08001502       0x38 ./Drivers/STM32F4xx_HAL_Driver/Src/stm32f4xx_hal_crc.o
                0x08001502                HAL_CRC_Init
 *fill*         0x0800153a        0x2 
 .text.HAL_DMA_Init
                0x0800153c      0x15c ./Drivers/STM32F4xx_HAL_Driver/Src/stm32f4xx_hal_dma.o
                0x0800153c                HAL_DMA_Init
 .text.HAL_DMA_Start_IT
                0x08001698       0xb0 ./Drivers/STM32F4xx_HAL_Driver/Src/stm32f4xx_hal_dma.o
                0x08001698                HAL_DMA_Start_IT
 .text.HAL_DMA_IRQHandler
                0x08001748      0x314 ./Drivers/STM32F4xx_HAL_Driver/Src/stm32f4xx_hal_dma.o
                0x08001748                HAL_DMA_IRQHandler
 .text.DMA_SetConfig
                0x08001a5c       0x5c ./Drivers/STM32F4xx_HAL_Driver/Src/stm32f4xx_hal_dma.o
 .text.DMA_CalcBaseAndBitshift
                0x08001ab8       0x6c ./Drivers/STM32F4xx_HAL_Driver/Src/stm32f4xx_hal_dma.o
 .text.DMA_CheckFifoParam
                0x08001b24       0xf8 ./Drivers/STM32F4xx_HAL_Driver/Src/stm32f4xx_hal_dma.o
 .text.HAL_GPIO_Init
                0x08001c1c      0x338 ./Drivers/STM32F4xx_HAL_Driver/Src/stm32f4xx_hal_gpio.o
                0x08001c1c                HAL_GPIO_Init
 .text.HAL_GPIO_WritePin
                0x08001f54       0x32 ./Drivers/STM32F4xx_HAL_Driver/Src/stm32f4xx_hal_gpio.o
                0x08001f54                HAL_GPIO_WritePin
 .text.HAL_GPIO_TogglePin
                0x08001f86       0x34 ./Drivers/STM32F4xx_HAL_Driver/Src/stm32f4xx_hal_gpio.o
                0x08001f86                HAL_GPIO_TogglePin
 *fill*         0x08001fba        0x2 
 .text.HAL_I2S_Init
                0x08001fbc      0x280 ./Drivers/STM32F4xx_HAL_Driver/Src/stm32f4xx_hal_i2s.o
                0x08001fbc                HAL_I2S_Init
 .text.HAL_I2S_Receive_DMA
                0x0800223c      0x170 ./Drivers/STM32F4xx_HAL_Driver/Src/stm32f4xx_hal_i2s.o
                0x0800223c                HAL_I2S_Receive_DMA
 .text.HAL_I2S_IRQHandler
                0x080023ac       0x18 ./Drivers/STM32F4xx_HAL_Driver/Src/stm32f4xx_hal_i2s.o
                0x080023ac                HAL_I2S_IRQHandler
 .text.HAL_I2S_TxCpltCallback
                0x080023c4       0x14 ./Drivers/STM32F4xx_HAL_Driver/Src/stm32f4xx_hal_i2s.o
                0x080023c4                HAL_I2S_TxCpltCallback
 .text.HAL_I2S_ErrorCallback
                0x080023d8       0x14 ./Drivers/STM32F4xx_HAL_Driver/Src/stm32f4xx_hal_i2s.o
                0x080023d8                HAL_I2S_ErrorCallback
 .text.I2S_DMARxCplt
                0x080023ec       0x42 ./Drivers/STM32F4xx_HAL_Driver/Src/stm32f4xx_hal_i2s.o
 .text.I2S_DMARxHalfCplt
                0x0800242e       0x1c ./Drivers/STM32F4xx_HAL_Driver/Src/stm32f4xx_hal_i2s.o
 .text.I2S_DMAError
                0x0800244a       0x4c ./Drivers/STM32F4xx_HAL_Driver/Src/stm32f4xx_hal_i2s.o
 .text.I2S_Transmit_IT
                0x08002496       0x5c ./Drivers/STM32F4xx_HAL_Driver/Src/stm32f4xx_hal_i2s.o
 .text.I2S_Receive_IT
                0x080024f2       0x5e ./Drivers/STM32F4xx_HAL_Driver/Src/stm32f4xx_hal_i2s.o
 .text.I2S_IRQHandler
                0x08002550      0x114 ./Drivers/STM32F4xx_HAL_Driver/Src/stm32f4xx_hal_i2s.o
 .text.HAL_I2SEx_FullDuplex_IRQHandler
                0x08002664      0x2a8 ./Drivers/STM32F4xx_HAL_Driver/Src/stm32f4xx_hal_i2s_ex.o
                0x08002664                HAL_I2SEx_FullDuplex_IRQHandler
 .text.HAL_I2SEx_TxRxCpltCallback
                0x0800290c       0x14 ./Drivers/STM32F4xx_HAL_Driver/Src/stm32f4xx_hal_i2s_ex.o
                0x0800290c                HAL_I2SEx_TxRxCpltCallback
 .text.I2SEx_TxISR_I2S
                0x08002920       0x62 ./Drivers/STM32F4xx_HAL_Driver/Src/stm32f4xx_hal_i2s_ex.o
 *fill*         0x08002982        0x2 
 .text.I2SEx_TxISR_I2SExt
                0x08002984       0x98 ./Drivers/STM32F4xx_HAL_Driver/Src/stm32f4xx_hal_i2s_ex.o
 .text.I2SEx_RxISR_I2S
                0x08002a1c       0x64 ./Drivers/STM32F4xx_HAL_Driver/Src/stm32f4xx_hal_i2s_ex.o
 .text.I2SEx_RxISR_I2SExt
                0x08002a80       0x98 ./Drivers/STM32F4xx_HAL_Driver/Src/stm32f4xx_hal_i2s_ex.o
 .text.HAL_PCD_Init
                0x08002b18      0x21e ./Drivers/STM32F4xx_HAL_Driver/Src/stm32f4xx_hal_pcd.o
                0x08002b18                HAL_PCD_Init
 .text.HAL_PCD_Start
                0x08002d36       0x6a ./Drivers/STM32F4xx_HAL_Driver/Src/stm32f4xx_hal_pcd.o
                0x08002d36                HAL_PCD_Start
 .text.HAL_PCD_IRQHandler
                0x08002da0      0x942 ./Drivers/STM32F4xx_HAL_Driver/Src/stm32f4xx_hal_pcd.o
                0x08002da0                HAL_PCD_IRQHandler
 .text.HAL_PCD_SetAddress
                0x080036e2       0x48 ./Drivers/STM32F4xx_HAL_Driver/Src/stm32f4xx_hal_pcd.o
                0x080036e2                HAL_PCD_SetAddress
 .text.HAL_PCD_EP_Open
                0x0800372a       0xd4 ./Drivers/STM32F4xx_HAL_Driver/Src/stm32f4xx_hal_pcd.o
                0x0800372a                HAL_PCD_EP_Open
 .text.HAL_PCD_EP_Close
                0x080037fe       0x94 ./Drivers/STM32F4xx_HAL_Driver/Src/stm32f4xx_hal_pcd.o
                0x080037fe                HAL_PCD_EP_Close
 .text.HAL_PCD_EP_Receive
                0x08003892       0x76 ./Drivers/STM32F4xx_HAL_Driver/Src/stm32f4xx_hal_pcd.o
                0x08003892                HAL_PCD_EP_Receive
 .text.HAL_PCD_EP_GetRxCount
                0x08003908       0x30 ./Drivers/STM32F4xx_HAL_Driver/Src/stm32f4xx_hal_pcd.o
                0x08003908                HAL_PCD_EP_GetRxCount
 .text.HAL_PCD_EP_Transmit
                0x08003938       0x74 ./Drivers/STM32F4xx_HAL_Driver/Src/stm32f4xx_hal_pcd.o
                0x08003938                HAL_PCD_EP_Transmit
 .text.HAL_PCD_EP_SetStall
                0x080039ac       0xc6 ./Drivers/STM32F4xx_HAL_Driver/Src/stm32f4xx_hal_pcd.o
                0x080039ac                HAL_PCD_EP_SetStall
 .text.HAL_PCD_EP_ClrStall
                0x08003a72       0xac ./Drivers/STM32F4xx_HAL_Driver/Src/stm32f4xx_hal_pcd.o
                0x08003a72                HAL_PCD_EP_ClrStall
 .text.HAL_PCD_EP_Abort
                0x08003b1e       0x62 ./Drivers/STM32F4xx_HAL_Driver/Src/stm32f4xx_hal_pcd.o
                0x08003b1e                HAL_PCD_EP_Abort
 .text.HAL_PCD_EP_Flush
                0x08003b80       0x5a ./Drivers/STM32F4xx_HAL_Driver/Src/stm32f4xx_hal_pcd.o
                0x08003b80                HAL_PCD_EP_Flush
 .text.PCD_WriteEmptyTxFifo
                0x08003bda      0x118 ./Drivers/STM32F4xx_HAL_Driver/Src/stm32f4xx_hal_pcd.o
 *fill*         0x08003cf2        0x2 
 .text.PCD_EP_OutXfrComplete_int
                0x08003cf4      0x1d0 ./Drivers/STM32F4xx_HAL_Driver/Src/stm32f4xx_hal_pcd.o
 .text.PCD_EP_OutSetupPacket_int
                0x08003ec4       0x8c ./Drivers/STM32F4xx_HAL_Driver/Src/stm32f4xx_hal_pcd.o
 .text.HAL_PCDEx_SetTxFiFo
                0x08003f50       0x8e ./Drivers/STM32F4xx_HAL_Driver/Src/stm32f4xx_hal_pcd_ex.o
                0x08003f50                HAL_PCDEx_SetTxFiFo
 .text.HAL_PCDEx_SetRxFiFo
                0x08003fde       0x22 ./Drivers/STM32F4xx_HAL_Driver/Src/stm32f4xx_hal_pcd_ex.o
                0x08003fde                HAL_PCDEx_SetRxFiFo
 .text.HAL_PCDEx_LPM_Callback
                0x08004000       0x18 ./Drivers/STM32F4xx_HAL_Driver/Src/stm32f4xx_hal_pcd_ex.o
                0x08004000                HAL_PCDEx_LPM_Callback
 .text.HAL_RCC_OscConfig
                0x08004018      0x4f0 ./Drivers/STM32F4xx_HAL_Driver/Src/stm32f4xx_hal_rcc.o
                0x08004018                HAL_RCC_OscConfig
 .text.HAL_RCC_ClockConfig
                0x08004508      0x1cc ./Drivers/STM32F4xx_HAL_Driver/Src/stm32f4xx_hal_rcc.o
                0x08004508                HAL_RCC_ClockConfig
 .text.HAL_RCC_GetSysClockFreq
                0x080046d4      0x20c ./Drivers/STM32F4xx_HAL_Driver/Src/stm32f4xx_hal_rcc.o
                0x080046d4                HAL_RCC_GetSysClockFreq
 .text.HAL_RCC_GetHCLKFreq
                0x080048e0       0x18 ./Drivers/STM32F4xx_HAL_Driver/Src/stm32f4xx_hal_rcc.o
                0x080048e0                HAL_RCC_GetHCLKFreq
 .text.HAL_RCCEx_PeriphCLKConfig
                0x080048f8      0x1c4 ./Drivers/STM32F4xx_HAL_Driver/Src/stm32f4xx_hal_rcc_ex.o
                0x080048f8                HAL_RCCEx_PeriphCLKConfig
 .text.HAL_RCCEx_GetPeriphCLKFreq
                0x08004abc       0xc0 ./Drivers/STM32F4xx_HAL_Driver/Src/stm32f4xx_hal_rcc_ex.o
                0x08004abc                HAL_RCCEx_GetPeriphCLKFreq
 .text.HAL_TIM_Base_Init
                0x08004b7c       0x9e ./Drivers/STM32F4xx_HAL_Driver/Src/stm32f4xx_hal_tim.o
                0x08004b7c                HAL_TIM_Base_Init
 .text.HAL_TIM_IRQHandler
                0x08004c1a      0x1e0 ./Drivers/STM32F4xx_HAL_Driver/Src/stm32f4xx_hal_tim.o
                0x08004c1a                HAL_TIM_IRQHandler
 .text.HAL_TIM_ConfigClockSource
                0x08004dfa      0x18e ./Drivers/STM32F4xx_HAL_Driver/Src/stm32f4xx_hal_tim.o
                0x08004dfa                HAL_TIM_ConfigClockSource
 .text.HAL_TIM_PeriodElapsedCallback
                0x08004f88       0x14 ./Drivers/STM32F4xx_HAL_Driver/Src/stm32f4xx_hal_tim.o
                0x08004f88                HAL_TIM_PeriodElapsedCallback
 .text.HAL_TIM_OC_DelayElapsedCallback
                0x08004f9c       0x14 ./Drivers/STM32F4xx_HAL_Driver/Src/stm32f4xx_hal_tim.o
                0x08004f9c                HAL_TIM_OC_DelayElapsedCallback
 .text.HAL_TIM_IC_CaptureCallback
                0x08004fb0       0x14 ./Drivers/STM32F4xx_HAL_Driver/Src/stm32f4xx_hal_tim.o
                0x08004fb0                HAL_TIM_IC_CaptureCallback
 .text.HAL_TIM_PWM_PulseFinishedCallback
                0x08004fc4       0x14 ./Drivers/STM32F4xx_HAL_Driver/Src/stm32f4xx_hal_tim.o
                0x08004fc4                HAL_TIM_PWM_PulseFinishedCallback
 .text.HAL_TIM_TriggerCallback
                0x08004fd8       0x14 ./Drivers/STM32F4xx_HAL_Driver/Src/stm32f4xx_hal_tim.o
                0x08004fd8                HAL_TIM_TriggerCallback
 .text.TIM_Base_SetConfig
                0x08004fec      0x158 ./Drivers/STM32F4xx_HAL_Driver/Src/stm32f4xx_hal_tim.o
                0x08004fec                TIM_Base_SetConfig
 .text.TIM_TI1_ConfigInputStage
                0x08005144       0x5e ./Drivers/STM32F4xx_HAL_Driver/Src/stm32f4xx_hal_tim.o
 .text.TIM_TI2_ConfigInputStage
                0x080051a2       0x60 ./Drivers/STM32F4xx_HAL_Driver/Src/stm32f4xx_hal_tim.o
 .text.TIM_ITRx_SetConfig
                0x08005202       0x36 ./Drivers/STM32F4xx_HAL_Driver/Src/stm32f4xx_hal_tim.o
 .text.TIM_ETR_SetConfig
                0x08005238       0x40 ./Drivers/STM32F4xx_HAL_Driver/Src/stm32f4xx_hal_tim.o
                0x08005238                TIM_ETR_SetConfig
 .text.HAL_TIMEx_MasterConfigSynchronization
                0x08005278       0xf8 ./Drivers/STM32F4xx_HAL_Driver/Src/stm32f4xx_hal_tim_ex.o
                0x08005278                HAL_TIMEx_MasterConfigSynchronization
 .text.HAL_TIMEx_CommutCallback
                0x08005370       0x14 ./Drivers/STM32F4xx_HAL_Driver/Src/stm32f4xx_hal_tim_ex.o
                0x08005370                HAL_TIMEx_CommutCallback
 .text.HAL_TIMEx_BreakCallback
                0x08005384       0x14 ./Drivers/STM32F4xx_HAL_Driver/Src/stm32f4xx_hal_tim_ex.o
                0x08005384                HAL_TIMEx_BreakCallback
 .text.USB_CoreInit
                0x08005398       0xc8 ./Drivers/STM32F4xx_HAL_Driver/Src/stm32f4xx_ll_usb.o
                0x08005398                USB_CoreInit
 .text.USB_SetTurnaroundTime
                0x08005460      0x144 ./Drivers/STM32F4xx_HAL_Driver/Src/stm32f4xx_ll_usb.o
                0x08005460                USB_SetTurnaroundTime
 .text.USB_EnableGlobalInt
                0x080055a4       0x22 ./Drivers/STM32F4xx_HAL_Driver/Src/stm32f4xx_ll_usb.o
                0x080055a4                USB_EnableGlobalInt
 .text.USB_DisableGlobalInt
                0x080055c6       0x22 ./Drivers/STM32F4xx_HAL_Driver/Src/stm32f4xx_ll_usb.o
                0x080055c6                USB_DisableGlobalInt
 .text.USB_SetCurrentMode
                0x080055e8       0x98 ./Drivers/STM32F4xx_HAL_Driver/Src/stm32f4xx_ll_usb.o
                0x080055e8                USB_SetCurrentMode
 .text.USB_DevInit
                0x08005680      0x2c8 ./Drivers/STM32F4xx_HAL_Driver/Src/stm32f4xx_ll_usb.o
                0x08005680                USB_DevInit
 .text.USB_FlushTxFifo
                0x08005948       0x64 ./Drivers/STM32F4xx_HAL_Driver/Src/stm32f4xx_ll_usb.o
                0x08005948                USB_FlushTxFifo
 .text.USB_FlushRxFifo
                0x080059ac       0x5c ./Drivers/STM32F4xx_HAL_Driver/Src/stm32f4xx_ll_usb.o
                0x080059ac                USB_FlushRxFifo
 .text.USB_SetDevSpeed
                0x08005a08       0x32 ./Drivers/STM32F4xx_HAL_Driver/Src/stm32f4xx_ll_usb.o
                0x08005a08                USB_SetDevSpeed
 .text.USB_GetDevSpeed
                0x08005a3a       0x4a ./Drivers/STM32F4xx_HAL_Driver/Src/stm32f4xx_ll_usb.o
                0x08005a3a                USB_GetDevSpeed
 .text.USB_ActivateEndpoint
                0x08005a84      0x10e ./Drivers/STM32F4xx_HAL_Driver/Src/stm32f4xx_ll_usb.o
                0x08005a84                USB_ActivateEndpoint
 *fill*         0x08005b92        0x2 
 .text.USB_DeactivateEndpoint
                0x08005b94      0x1b8 ./Drivers/STM32F4xx_HAL_Driver/Src/stm32f4xx_ll_usb.o
                0x08005b94                USB_DeactivateEndpoint
 .text.USB_EPStartXfer
                0x08005d4c      0x53c ./Drivers/STM32F4xx_HAL_Driver/Src/stm32f4xx_ll_usb.o
                0x08005d4c                USB_EPStartXfer
 .text.USB_EPStopXfer
                0x08006288      0x154 ./Drivers/STM32F4xx_HAL_Driver/Src/stm32f4xx_ll_usb.o
                0x08006288                USB_EPStopXfer
 .text.USB_WritePacket
                0x080063dc       0x7c ./Drivers/STM32F4xx_HAL_Driver/Src/stm32f4xx_ll_usb.o
                0x080063dc                USB_WritePacket
 .text.USB_ReadPacket
                0x08006458       0xb0 ./Drivers/STM32F4xx_HAL_Driver/Src/stm32f4xx_ll_usb.o
                0x08006458                USB_ReadPacket
 .text.USB_EPSetStall
                0x08006508       0xdc ./Drivers/STM32F4xx_HAL_Driver/Src/stm32f4xx_ll_usb.o
                0x08006508                USB_EPSetStall
 .text.USB_EPClearStall
                0x080065e4       0xcc ./Drivers/STM32F4xx_HAL_Driver/Src/stm32f4xx_ll_usb.o
                0x080065e4                USB_EPClearStall
 .text.USB_SetDevAddress
                0x080066b0       0x4c ./Drivers/STM32F4xx_HAL_Driver/Src/stm32f4xx_ll_usb.o
                0x080066b0                USB_SetDevAddress
 .text.USB_DevConnect
                0x080066fc       0x42 ./Drivers/STM32F4xx_HAL_Driver/Src/stm32f4xx_ll_usb.o
                0x080066fc                USB_DevConnect
 .text.USB_DevDisconnect
                0x0800673e       0x42 ./Drivers/STM32F4xx_HAL_Driver/Src/stm32f4xx_ll_usb.o
                0x0800673e                USB_DevDisconnect
 .text.USB_ReadInterrupts
                0x08006780       0x26 ./Drivers/STM32F4xx_HAL_Driver/Src/stm32f4xx_ll_usb.o
                0x08006780                USB_ReadInterrupts
 .text.USB_ReadDevAllOutEpInterrupt
                0x080067a6       0x34 ./Drivers/STM32F4xx_HAL_Driver/Src/stm32f4xx_ll_usb.o
                0x080067a6                USB_ReadDevAllOutEpInterrupt
 .text.USB_ReadDevAllInEpInterrupt
                0x080067da       0x34 ./Drivers/STM32F4xx_HAL_Driver/Src/stm32f4xx_ll_usb.o
                0x080067da                USB_ReadDevAllInEpInterrupt
 .text.USB_ReadDevOutEPInterrupt
                0x0800680e       0x3c ./Drivers/STM32F4xx_HAL_Driver/Src/stm32f4xx_ll_usb.o
                0x0800680e                USB_ReadDevOutEPInterrupt
 .text.USB_ReadDevInEPInterrupt
                0x0800684a       0x5c ./Drivers/STM32F4xx_HAL_Driver/Src/stm32f4xx_ll_usb.o
                0x0800684a                USB_ReadDevInEPInterrupt
 .text.USB_GetMode
                0x080068a6       0x1c ./Drivers/STM32F4xx_HAL_Driver/Src/stm32f4xx_ll_usb.o
                0x080068a6                USB_GetMode
 .text.USB_ActivateSetup
                0x080068c2       0x46 ./Drivers/STM32F4xx_HAL_Driver/Src/stm32f4xx_ll_usb.o
                0x080068c2                USB_ActivateSetup
 .text.USB_EP0_OutStart
                0x08006908       0xbc ./Drivers/STM32F4xx_HAL_Driver/Src/stm32f4xx_ll_usb.o
                0x08006908                USB_EP0_OutStart
 .text.USB_CoreReset
                0x080069c4       0x62 ./Drivers/STM32F4xx_HAL_Driver/Src/stm32f4xx_ll_usb.o
 .text.USBD_AUDIO_Init
                0x08006a26       0x84 ./Middlewares/ST/STM32_USB_Device_Library/Class/AUDIO/Src/usbd_audio.o
 .text.USBD_AUDIO_DeInit
                0x08006aaa       0x58 ./Middlewares/ST/STM32_USB_Device_Library/Class/AUDIO/Src/usbd_audio.o
 *fill*         0x08006b02        0x2 
 .text.USBD_AUDIO_Setup
                0x08006b04      0x1b8 ./Middlewares/ST/STM32_USB_Device_Library/Class/AUDIO/Src/usbd_audio.o
 .text.USBD_AUDIO_GetCfgDesc
                0x08006cbc       0x20 ./Middlewares/ST/STM32_USB_Device_Library/Class/AUDIO/Src/usbd_audio.o
 .text.USBD_AUDIO_DataIn
                0x08006cdc       0x88 ./Middlewares/ST/STM32_USB_Device_Library/Class/AUDIO/Src/usbd_audio.o
 .text.USBD_AUDIO_EP0_RxReady
                0x08006d64       0x80 ./Middlewares/ST/STM32_USB_Device_Library/Class/AUDIO/Src/usbd_audio.o
 .text.USBD_AUDIO_EP0_TxReady
                0x08006de4       0x16 ./Middlewares/ST/STM32_USB_Device_Library/Class/AUDIO/Src/usbd_audio.o
 .text.USBD_AUDIO_SOF
                0x08006dfa       0x16 ./Middlewares/ST/STM32_USB_Device_Library/Class/AUDIO/Src/usbd_audio.o
 .text.USBD_AUDIO_IsoINIncomplete
                0x08006e10       0x1a ./Middlewares/ST/STM32_USB_Device_Library/Class/AUDIO/Src/usbd_audio.o
 .text.USBD_AUDIO_IsoOutIncomplete
                0x08006e2a       0x58 ./Middlewares/ST/STM32_USB_Device_Library/Class/AUDIO/Src/usbd_audio.o
 *fill*         0x08006e82        0x2 
 .text.USBD_AUDIO_DataOut
                0x08006e84      0x12c ./Middlewares/ST/STM32_USB_Device_Library/Class/AUDIO/Src/usbd_audio.o
 .text.AUDIO_REQ_GetCurrent
                0x08006fb0       0x58 ./Middlewares/ST/STM32_USB_Device_Library/Class/AUDIO/Src/usbd_audio.o
 .text.AUDIO_REQ_SetCurrent
                0x08007008       0x88 ./Middlewares/ST/STM32_USB_Device_Library/Class/AUDIO/Src/usbd_audio.o
 .text.USBD_AUDIO_GetDeviceQualifierDesc
                0x08007090       0x20 ./Middlewares/ST/STM32_USB_Device_Library/Class/AUDIO/Src/usbd_audio.o
 .text.USBD_AUDIO_RegisterInterface
                0x080070b0       0x34 ./Middlewares/ST/STM32_USB_Device_Library/Class/AUDIO/Src/usbd_audio.o
                0x080070b0                USBD_AUDIO_RegisterInterface
 .text.USBD_AUDIO_GetAudioHeaderDesc
                0x080070e4       0x64 ./Middlewares/ST/STM32_USB_Device_Library/Class/AUDIO/Src/usbd_audio.o
 .text.USBD_Init
                0x08007148       0x60 ./Middlewares/ST/STM32_USB_Device_Library/Core/Src/usbd_core.o
                0x08007148                USBD_Init
 .text.USBD_RegisterClass
                0x080071a8       0x6c ./Middlewares/ST/STM32_USB_Device_Library/Core/Src/usbd_core.o
                0x080071a8                USBD_RegisterClass
 .text.USBD_Start
                0x08007214       0x18 ./Middlewares/ST/STM32_USB_Device_Library/Core/Src/usbd_core.o
                0x08007214                USBD_Start
 .text.USBD_RunTestMode
                0x0800722c       0x16 ./Middlewares/ST/STM32_USB_Device_Library/Core/Src/usbd_core.o
                0x0800722c                USBD_RunTestMode
 .text.USBD_SetClassConfig
                0x08007242       0x38 ./Middlewares/ST/STM32_USB_Device_Library/Core/Src/usbd_core.o
                0x08007242                USBD_SetClassConfig
 .text.USBD_ClrClassConfig
                0x0800727a       0x34 ./Middlewares/ST/STM32_USB_Device_Library/Core/Src/usbd_core.o
                0x0800727a                USBD_ClrClassConfig
 .text.USBD_LL_SetupStage
                0x080072ae       0xaa ./Middlewares/ST/STM32_USB_Device_Library/Core/Src/usbd_core.o
                0x080072ae                USBD_LL_SetupStage
 .text.USBD_LL_DataOutStage
                0x08007358      0x166 ./Middlewares/ST/STM32_USB_Device_Library/Core/Src/usbd_core.o
                0x08007358                USBD_LL_DataOutStage
 .text.USBD_LL_DataInStage
                0x080074be      0x164 ./Middlewares/ST/STM32_USB_Device_Library/Core/Src/usbd_core.o
                0x080074be                USBD_LL_DataInStage
 .text.USBD_LL_Reset
                0x08007622       0xa4 ./Middlewares/ST/STM32_USB_Device_Library/Core/Src/usbd_core.o
                0x08007622                USBD_LL_Reset
 .text.USBD_LL_SetSpeed
                0x080076c6       0x20 ./Middlewares/ST/STM32_USB_Device_Library/Core/Src/usbd_core.o
                0x080076c6                USBD_LL_SetSpeed
 .text.USBD_LL_Suspend
                0x080076e6       0x38 ./Middlewares/ST/STM32_USB_Device_Library/Core/Src/usbd_core.o
                0x080076e6                USBD_LL_Suspend
 .text.USBD_LL_Resume
                0x0800771e       0x30 ./Middlewares/ST/STM32_USB_Device_Library/Core/Src/usbd_core.o
                0x0800771e                USBD_LL_Resume
 .text.USBD_LL_SOF
                0x0800774e       0x40 ./Middlewares/ST/STM32_USB_Device_Library/Core/Src/usbd_core.o
                0x0800774e                USBD_LL_SOF
 .text.USBD_LL_IsoINIncomplete
                0x0800778e       0x64 ./Middlewares/ST/STM32_USB_Device_Library/Core/Src/usbd_core.o
                0x0800778e                USBD_LL_IsoINIncomplete
 .text.USBD_LL_IsoOUTIncomplete
                0x080077f2       0x64 ./Middlewares/ST/STM32_USB_Device_Library/Core/Src/usbd_core.o
                0x080077f2                USBD_LL_IsoOUTIncomplete
 .text.USBD_LL_DevConnected
                0x08007856       0x16 ./Middlewares/ST/STM32_USB_Device_Library/Core/Src/usbd_core.o
                0x08007856                USBD_LL_DevConnected
 .text.USBD_LL_DevDisconnected
                0x0800786c       0x46 ./Middlewares/ST/STM32_USB_Device_Library/Core/Src/usbd_core.o
                0x0800786c                USBD_LL_DevDisconnected
 .text.USBD_CoreFindIF
                0x080078b2       0x1a ./Middlewares/ST/STM32_USB_Device_Library/Core/Src/usbd_core.o
                0x080078b2                USBD_CoreFindIF
 .text.USBD_CoreFindEP
                0x080078cc       0x1a ./Middlewares/ST/STM32_USB_Device_Library/Core/Src/usbd_core.o
                0x080078cc                USBD_CoreFindEP
 .text.USBD_GetNextDesc
                0x080078e6       0x38 ./Middlewares/ST/STM32_USB_Device_Library/Core/Src/usbd_core.o
                0x080078e6                USBD_GetNextDesc
 .text.SWAPBYTE
                0x0800791e       0x3c ./Middlewares/ST/STM32_USB_Device_Library/Core/Src/usbd_ctlreq.o
 *fill*         0x0800795a        0x2 
 .text.USBD_StdDevReq
                0x0800795c       0xe4 ./Middlewares/ST/STM32_USB_Device_Library/Core/Src/usbd_ctlreq.o
                0x0800795c                USBD_StdDevReq
 .text.USBD_StdItfReq
                0x08007a40       0xd8 ./Middlewares/ST/STM32_USB_Device_Library/Core/Src/usbd_ctlreq.o
                0x08007a40                USBD_StdItfReq
 .text.USBD_StdEPReq
                0x08007b18      0x33a ./Middlewares/ST/STM32_USB_Device_Library/Core/Src/usbd_ctlreq.o
                0x08007b18                USBD_StdEPReq
 *fill*         0x08007e52        0x2 
 .text.USBD_GetDescriptor
                0x08007e54      0x2d4 ./Middlewares/ST/STM32_USB_Device_Library/Core/Src/usbd_ctlreq.o
 .text.USBD_SetAddress
                0x08008128       0x88 ./Middlewares/ST/STM32_USB_Device_Library/Core/Src/usbd_ctlreq.o
 .text.USBD_SetConfig
                0x080081b0      0x154 ./Middlewares/ST/STM32_USB_Device_Library/Core/Src/usbd_ctlreq.o
 .text.USBD_GetConfig
                0x08008304       0x6c ./Middlewares/ST/STM32_USB_Device_Library/Core/Src/usbd_ctlreq.o
 .text.USBD_GetStatus
                0x08008370       0x68 ./Middlewares/ST/STM32_USB_Device_Library/Core/Src/usbd_ctlreq.o
 .text.USBD_SetFeature
                0x080083d8       0x52 ./Middlewares/ST/STM32_USB_Device_Library/Core/Src/usbd_ctlreq.o
 .text.USBD_ClrFeature
                0x0800842a       0x44 ./Middlewares/ST/STM32_USB_Device_Library/Core/Src/usbd_ctlreq.o
 .text.USBD_ParseSetupRequest
                0x0800846e       0x74 ./Middlewares/ST/STM32_USB_Device_Library/Core/Src/usbd_ctlreq.o
                0x0800846e                USBD_ParseSetupRequest
 .text.USBD_CtlError
                0x080084e2       0x22 ./Middlewares/ST/STM32_USB_Device_Library/Core/Src/usbd_ctlreq.o
                0x080084e2                USBD_CtlError
 .text.USBD_GetString
                0x08008504       0xa4 ./Middlewares/ST/STM32_USB_Device_Library/Core/Src/usbd_ctlreq.o
                0x08008504                USBD_GetString
 .text.USBD_GetLen
                0x080085a8       0x34 ./Middlewares/ST/STM32_USB_Device_Library/Core/Src/usbd_ctlreq.o
 .text.USBD_CtlSendData
                0x080085dc       0x36 ./Middlewares/ST/STM32_USB_Device_Library/Core/Src/usbd_ioreq.o
                0x080085dc                USBD_CtlSendData
 .text.USBD_CtlContinueSendData
                0x08008612       0x22 ./Middlewares/ST/STM32_USB_Device_Library/Core/Src/usbd_ioreq.o
                0x08008612                USBD_CtlContinueSendData
 .text.USBD_CtlPrepareRx
                0x08008634       0x3a ./Middlewares/ST/STM32_USB_Device_Library/Core/Src/usbd_ioreq.o
                0x08008634                USBD_CtlPrepareRx
 .text.USBD_CtlContinueRx
                0x0800866e       0x22 ./Middlewares/ST/STM32_USB_Device_Library/Core/Src/usbd_ioreq.o
                0x0800866e                USBD_CtlContinueRx
 .text.USBD_CtlSendStatus
                0x08008690       0x26 ./Middlewares/ST/STM32_USB_Device_Library/Core/Src/usbd_ioreq.o
                0x08008690                USBD_CtlSendStatus
 .text.USBD_CtlReceiveStatus
                0x080086b6       0x26 ./Middlewares/ST/STM32_USB_Device_Library/Core/Src/usbd_ioreq.o
                0x080086b6                USBD_CtlReceiveStatus
 .text.MX_USB_DEVICE_Init
                0x080086dc       0x60 ./USB_DEVICE/App/usb_device.o
                0x080086dc                MX_USB_DEVICE_Init
 .text.AUDIO_Init_FS
                0x0800873c       0x1a ./USB_DEVICE/App/usbd_audio_if.o
 .text.AUDIO_DeInit_FS
                0x08008756       0x16 ./USB_DEVICE/App/usbd_audio_if.o
 .text.AUDIO_AudioCmd_FS
                0x0800876c       0x28 ./USB_DEVICE/App/usbd_audio_if.o
 .text.AUDIO_VolumeCtl_FS
                0x08008794       0x18 ./USB_DEVICE/App/usbd_audio_if.o
 .text.AUDIO_MuteCtl_FS
                0x080087ac       0x18 ./USB_DEVICE/App/usbd_audio_if.o
 .text.AUDIO_PeriodicTC_FS
                0x080087c4       0x1c ./USB_DEVICE/App/usbd_audio_if.o
 .text.AUDIO_GetState_FS
                0x080087e0       0x10 ./USB_DEVICE/App/usbd_audio_if.o
 .text.USBD_FS_DeviceDescriptor
                0x080087f0       0x24 ./USB_DEVICE/App/usbd_desc.o
                0x080087f0                USBD_FS_DeviceDescriptor
 .text.USBD_FS_LangIDStrDescriptor
                0x08008814       0x24 ./USB_DEVICE/App/usbd_desc.o
                0x08008814                USBD_FS_LangIDStrDescriptor
 .text.USBD_FS_ProductStrDescriptor
                0x08008838       0x3c ./USB_DEVICE/App/usbd_desc.o
                0x08008838                USBD_FS_ProductStrDescriptor
 .text.USBD_FS_ManufacturerStrDescriptor
                0x08008874       0x28 ./USB_DEVICE/App/usbd_desc.o
                0x08008874                USBD_FS_ManufacturerStrDescriptor
 .text.USBD_FS_SerialStrDescriptor
                0x0800889c       0x24 ./USB_DEVICE/App/usbd_desc.o
                0x0800889c                USBD_FS_SerialStrDescriptor
 .text.USBD_FS_ConfigStrDescriptor
                0x080088c0       0x3c ./USB_DEVICE/App/usbd_desc.o
                0x080088c0                USBD_FS_ConfigStrDescriptor
 .text.USBD_FS_InterfaceStrDescriptor
                0x080088fc       0x3c ./USB_DEVICE/App/usbd_desc.o
                0x080088fc                USBD_FS_InterfaceStrDescriptor
 .text.Get_SerialNum
                0x08008938       0x58 ./USB_DEVICE/App/usbd_desc.o
 .text.IntToUnicode
                0x08008990       0x7e ./USB_DEVICE/App/usbd_desc.o
 *fill*         0x08008a0e        0x2 
 .text.HAL_PCD_MspInit
                0x08008a10       0xe4 ./USB_DEVICE/Target/usbd_conf.o
                0x08008a10                HAL_PCD_MspInit
 .text.HAL_PCD_SetupStageCallback
                0x08008af4       0x24 ./USB_DEVICE/Target/usbd_conf.o
                0x08008af4                HAL_PCD_SetupStageCallback
 .text.HAL_PCD_DataOutStageCallback
                0x08008b18       0x36 ./USB_DEVICE/Target/usbd_conf.o
                0x08008b18                HAL_PCD_DataOutStageCallback
 .text.HAL_PCD_DataInStageCallback
                0x08008b4e       0x34 ./USB_DEVICE/Target/usbd_conf.o
                0x08008b4e                HAL_PCD_DataInStageCallback
 .text.HAL_PCD_SOFCallback
                0x08008b82       0x1c ./USB_DEVICE/Target/usbd_conf.o
                0x08008b82                HAL_PCD_SOFCallback
 .text.HAL_PCD_ResetCallback
                0x08008b9e       0x50 ./USB_DEVICE/Target/usbd_conf.o
                0x08008b9e                HAL_PCD_ResetCallback
 *fill*         0x08008bee        0x2 
 .text.HAL_PCD_SuspendCallback
                0x08008bf0       0x4c ./USB_DEVICE/Target/usbd_conf.o
                0x08008bf0                HAL_PCD_SuspendCallback
 .text.HAL_PCD_ResumeCallback
                0x08008c3c       0x1c ./USB_DEVICE/Target/usbd_conf.o
                0x08008c3c                HAL_PCD_ResumeCallback
 .text.HAL_PCD_ISOOUTIncompleteCallback
                0x08008c58       0x24 ./USB_DEVICE/Target/usbd_conf.o
                0x08008c58                HAL_PCD_ISOOUTIncompleteCallback
 .text.HAL_PCD_ISOINIncompleteCallback
                0x08008c7c       0x24 ./USB_DEVICE/Target/usbd_conf.o
                0x08008c7c                HAL_PCD_ISOINIncompleteCallback
 .text.HAL_PCD_ConnectCallback
                0x08008ca0       0x1c ./USB_DEVICE/Target/usbd_conf.o
                0x08008ca0                HAL_PCD_ConnectCallback
 .text.HAL_PCD_DisconnectCallback
                0x08008cbc       0x1c ./USB_DEVICE/Target/usbd_conf.o
                0x08008cbc                HAL_PCD_DisconnectCallback
 .text.USBD_LL_Init
                0x08008cd8       0x98 ./USB_DEVICE/Target/usbd_conf.o
                0x08008cd8                USBD_LL_Init
 .text.USBD_LL_Start
                0x08008d70       0x36 ./USB_DEVICE/Target/usbd_conf.o
                0x08008d70                USBD_LL_Start
 .text.USBD_LL_OpenEP
                0x08008da6       0x4c ./USB_DEVICE/Target/usbd_conf.o
                0x08008da6                USBD_LL_OpenEP
 .text.USBD_LL_CloseEP
                0x08008df2       0x3e ./USB_DEVICE/Target/usbd_conf.o
                0x08008df2                USBD_LL_CloseEP
 .text.USBD_LL_FlushEP
                0x08008e30       0x3e ./USB_DEVICE/Target/usbd_conf.o
                0x08008e30                USBD_LL_FlushEP
 .text.USBD_LL_StallEP
                0x08008e6e       0x3e ./USB_DEVICE/Target/usbd_conf.o
                0x08008e6e                USBD_LL_StallEP
 .text.USBD_LL_ClearStallEP
                0x08008eac       0x3e ./USB_DEVICE/Target/usbd_conf.o
                0x08008eac                USBD_LL_ClearStallEP
 .text.USBD_LL_IsStallEP
                0x08008eea       0x58 ./USB_DEVICE/Target/usbd_conf.o
                0x08008eea                USBD_LL_IsStallEP
 .text.USBD_LL_SetUSBAddress
                0x08008f42       0x3e ./USB_DEVICE/Target/usbd_conf.o
                0x08008f42                USBD_LL_SetUSBAddress
 .text.USBD_LL_Transmit
                0x08008f80       0x42 ./USB_DEVICE/Target/usbd_conf.o
                0x08008f80                USBD_LL_Transmit
 .text.USBD_LL_PrepareReceive
                0x08008fc2       0x42 ./USB_DEVICE/Target/usbd_conf.o
                0x08008fc2                USBD_LL_PrepareReceive
 .text.USBD_LL_GetRxDataSize
                0x08009004       0x26 ./USB_DEVICE/Target/usbd_conf.o
                0x08009004                USBD_LL_GetRxDataSize
 *fill*         0x0800902a        0x2 
 .text.USBD_static_malloc
                0x0800902c       0x1c ./USB_DEVICE/Target/usbd_conf.o
                0x0800902c                USBD_static_malloc
 .text.USBD_static_free
                0x08009048       0x14 ./USB_DEVICE/Target/usbd_conf.o
                0x08009048                USBD_static_free
 .text.USBD_Get_USB_Status
                0x0800905c       0x58 ./USB_DEVICE/Target/usbd_conf.o
                0x0800905c                USBD_Get_USB_Status
 .text.memset   0x080090b4       0x10 C:/ST/STM32CubeIDE_1.16.0/STM32CubeIDE/plugins/com.st.stm32cube.ide.mcu.externaltools.gnu-tools-for-stm32.12.3.rel1.win32_1.0.200.202406191623/tools/bin/../lib/gcc/arm-none-eabi/12.3.1/../../../../arm-none-eabi/lib/thumb/v7e-m+fp/hard\libc_nano.a(libc_a-memset.o)
                0x080090b4                memset
 .text.__libc_init_array
                0x080090c4       0x48 C:/ST/STM32CubeIDE_1.16.0/STM32CubeIDE/plugins/com.st.stm32cube.ide.mcu.externaltools.gnu-tools-for-stm32.12.3.rel1.win32_1.0.200.202406191623/tools/bin/../lib/gcc/arm-none-eabi/12.3.1/../../../../arm-none-eabi/lib/thumb/v7e-m+fp/hard\libc_nano.a(libc_a-init.o)
                0x080090c4                __libc_init_array
 *(.glue_7)
 .glue_7        0x0800910c        0x0 linker stubs
 *(.glue_7t)
 .glue_7t       0x0800910c        0x0 linker stubs
 *(.eh_frame)
 .eh_frame      0x0800910c        0x0 C:/ST/STM32CubeIDE_1.16.0/STM32CubeIDE/plugins/com.st.stm32cube.ide.mcu.externaltools.gnu-tools-for-stm32.12.3.rel1.win32_1.0.200.202406191623/tools/bin/../lib/gcc/arm-none-eabi/12.3.1/thumb/v7e-m+fp/hard/crtbegin.o
 *(.init)
 .init          0x0800910c        0x4 C:/ST/STM32CubeIDE_1.16.0/STM32CubeIDE/plugins/com.st.stm32cube.ide.mcu.externaltools.gnu-tools-for-stm32.12.3.rel1.win32_1.0.200.202406191623/tools/bin/../lib/gcc/arm-none-eabi/12.3.1/thumb/v7e-m+fp/hard/crti.o
                0x0800910c                _init
 .init          0x08009110        0x8 C:/ST/STM32CubeIDE_1.16.0/STM32CubeIDE/plugins/com.st.stm32cube.ide.mcu.externaltools.gnu-tools-for-stm32.12.3.rel1.win32_1.0.200.202406191623/tools/bin/../lib/gcc/arm-none-eabi/12.3.1/thumb/v7e-m+fp/hard/crtn.o
 *(.fini)
 .fini          0x08009118        0x4 C:/ST/STM32CubeIDE_1.16.0/STM32CubeIDE/plugins/com.st.stm32cube.ide.mcu.externaltools.gnu-tools-for-stm32.12.3.rel1.win32_1.0.200.202406191623/tools/bin/../lib/gcc/arm-none-eabi/12.3.1/thumb/v7e-m+fp/hard/crti.o
                0x08009118                _fini
 .fini          0x0800911c        0x8 C:/ST/STM32CubeIDE_1.16.0/STM32CubeIDE/plugins/com.st.stm32cube.ide.mcu.externaltools.gnu-tools-for-stm32.12.3.rel1.win32_1.0.200.202406191623/tools/bin/../lib/gcc/arm-none-eabi/12.3.1/thumb/v7e-m+fp/hard/crtn.o
                0x08009124                        . = ALIGN (0x4)
                0x08009124                        _etext = .

.vfp11_veneer   0x08009124        0x0
 .vfp11_veneer  0x08009124        0x0 linker stubs

.v4_bx          0x08009124        0x0
 .v4_bx         0x08009124        0x0 linker stubs

.iplt           0x08009124        0x0
 .iplt          0x08009124        0x0 C:/ST/STM32CubeIDE_1.16.0/STM32CubeIDE/plugins/com.st.stm32cube.ide.mcu.externaltools.gnu-tools-for-stm32.12.3.rel1.win32_1.0.200.202406191623/tools/bin/../lib/gcc/arm-none-eabi/12.3.1/thumb/v7e-m+fp/hard/crtbegin.o

.rodata         0x08009124       0x60
                0x08009124                        . = ALIGN (0x4)
 *(.rodata)
 .rodata        0x08009124       0x48 ./USB_DEVICE/App/usbd_desc.o
 *(.rodata*)
 .rodata.AHBPrescTable
                0x0800916c       0x10 ./Core/Src/system_stm32f4xx.o
                0x0800916c                AHBPrescTable
 .rodata.flagBitshiftOffset.0
                0x0800917c        0x8 ./Drivers/STM32F4xx_HAL_Driver/Src/stm32f4xx_hal_dma.o
                0x08009184                        . = ALIGN (0x4)

.ARM.extab      0x08009184        0x0
                0x08009184                        . = ALIGN (0x4)
 *(.ARM.extab* .gnu.linkonce.armextab.*)
                0x08009184                        . = ALIGN (0x4)

.ARM            0x08009184        0x8
                0x08009184                        . = ALIGN (0x4)
                0x08009184                        __exidx_start = .
 *(.ARM.exidx*)
 .ARM.exidx     0x08009184        0x8 C:/ST/STM32CubeIDE_1.16.0/STM32CubeIDE/plugins/com.st.stm32cube.ide.mcu.externaltools.gnu-tools-for-stm32.12.3.rel1.win32_1.0.200.202406191623/tools/bin/../lib/gcc/arm-none-eabi/12.3.1/thumb/v7e-m+fp/hard\libgcc.a(_udivmoddi4.o)
                0x0800918c                        __exidx_end = .
                0x0800918c                        . = ALIGN (0x4)

.preinit_array  0x0800918c        0x0
                0x0800918c                        . = ALIGN (0x4)
                0x0800918c                        PROVIDE (__preinit_array_start = .)
 *(.preinit_array*)
                0x0800918c                        PROVIDE (__preinit_array_end = .)
                0x0800918c                        . = ALIGN (0x4)

.init_array     0x0800918c        0x4
                0x0800918c                        . = ALIGN (0x4)
                0x0800918c                        PROVIDE (__init_array_start = .)
 *(SORT_BY_NAME(.init_array.*))
 *(.init_array*)
 .init_array    0x0800918c        0x4 C:/ST/STM32CubeIDE_1.16.0/STM32CubeIDE/plugins/com.st.stm32cube.ide.mcu.externaltools.gnu-tools-for-stm32.12.3.rel1.win32_1.0.200.202406191623/tools/bin/../lib/gcc/arm-none-eabi/12.3.1/thumb/v7e-m+fp/hard/crtbegin.o
                0x08009190                        PROVIDE (__init_array_end = .)
                0x08009190                        . = ALIGN (0x4)

.fini_array     0x08009190        0x4
                0x08009190                        . = ALIGN (0x4)
                [!provide]                        PROVIDE (__fini_array_start = .)
 *(SORT_BY_NAME(.fini_array.*))
 *(.fini_array*)
 .fini_array    0x08009190        0x4 C:/ST/STM32CubeIDE_1.16.0/STM32CubeIDE/plugins/com.st.stm32cube.ide.mcu.externaltools.gnu-tools-for-stm32.12.3.rel1.win32_1.0.200.202406191623/tools/bin/../lib/gcc/arm-none-eabi/12.3.1/thumb/v7e-m+fp/hard/crtbegin.o
                [!provide]                        PROVIDE (__fini_array_end = .)
                0x08009194                        . = ALIGN (0x4)
                0x08009194                        _sidata = LOADADDR (.data)

.rel.dyn        0x08009194        0x0
 .rel.iplt      0x08009194        0x0 C:/ST/STM32CubeIDE_1.16.0/STM32CubeIDE/plugins/com.st.stm32cube.ide.mcu.externaltools.gnu-tools-for-stm32.12.3.rel1.win32_1.0.200.202406191623/tools/bin/../lib/gcc/arm-none-eabi/12.3.1/thumb/v7e-m+fp/hard/crtbegin.o

.data           0x20000000      0x124 load address 0x08009194
                0x20000000                        . = ALIGN (0x4)
                0x20000000                        _sdata = .
 *(.data)
 *(.data*)
 .data.volume_gain
                0x20000000        0x1 ./Core/Src/main.o
                0x20000000                volume_gain
 *fill*         0x20000001        0x3 
 .data.SystemCoreClock
                0x20000004        0x4 ./Core/Src/system_stm32f4xx.o
                0x20000004                SystemCoreClock
 .data.uwTickPrio
                0x20000008        0x4 ./Drivers/STM32F4xx_HAL_Driver/Src/stm32f4xx_hal.o
                0x20000008                uwTickPrio
 .data.uwTickFreq
                0x2000000c        0x1 ./Drivers/STM32F4xx_HAL_Driver/Src/stm32f4xx_hal.o
                0x2000000c                uwTickFreq
 *fill*         0x2000000d        0x3 
 .data.USBD_AUDIO
                0x20000010       0x38 ./Middlewares/ST/STM32_USB_Device_Library/Class/AUDIO/Src/usbd_audio.o
                0x20000010                USBD_AUDIO
 .data.USBD_AUDIO_CfgDesc
                0x20000048       0x64 ./Middlewares/ST/STM32_USB_Device_Library/Class/AUDIO/Src/usbd_audio.o
 .data.USBD_AUDIO_DeviceQualifierDesc
                0x200000ac        0xa ./Middlewares/ST/STM32_USB_Device_Library/Class/AUDIO/Src/usbd_audio.o
 .data.AUDIOOutEpAdd
                0x200000b6        0x1 ./Middlewares/ST/STM32_USB_Device_Library/Class/AUDIO/Src/usbd_audio.o
 *fill*         0x200000b7        0x1 
 .data.USBD_AUDIO_fops_FS
                0x200000b8       0x1c ./USB_DEVICE/App/usbd_audio_if.o
                0x200000b8                USBD_AUDIO_fops_FS
 .data.FS_Desc  0x200000d4       0x1c ./USB_DEVICE/App/usbd_desc.o
                0x200000d4                FS_Desc
 .data.USBD_FS_DeviceDesc
                0x200000f0       0x12 ./USB_DEVICE/App/usbd_desc.o
                0x200000f0                USBD_FS_DeviceDesc
 *fill*         0x20000102        0x2 
 .data.USBD_LangIDDesc
                0x20000104        0x4 ./USB_DEVICE/App/usbd_desc.o
                0x20000104                USBD_LangIDDesc
 .data.USBD_StringSerial
                0x20000108       0x1a ./USB_DEVICE/App/usbd_desc.o
                0x20000108                USBD_StringSerial
 *(.RamFunc)
 *(.RamFunc*)
                0x20000124                        . = ALIGN (0x4)
 *fill*         0x20000122        0x2 
                0x20000124                        _edata = .
                0x080092b8                        _siccmram = LOADADDR (.ccmram)

.igot.plt       0x20000124        0x0 load address 0x080092b8
 .igot.plt      0x20000124        0x0 C:/ST/STM32CubeIDE_1.16.0/STM32CubeIDE/plugins/com.st.stm32cube.ide.mcu.externaltools.gnu-tools-for-stm32.12.3.rel1.win32_1.0.200.202406191623/tools/bin/../lib/gcc/arm-none-eabi/12.3.1/thumb/v7e-m+fp/hard/crtbegin.o

.ccmram         0x10000000        0x0 load address 0x080092b8
                0x10000000                        . = ALIGN (0x4)
                0x10000000                        _sccmram = .
 *(.ccmram)
 *(.ccmram*)
                0x10000000                        . = ALIGN (0x4)
                0x10000000                        _eccmram = .
                0x10000000                        . = ALIGN (0x4)

.bss            0x20000124     0x4980
                0x20000124                        _sbss = .
                0x20000124                        __bss_start__ = _sbss
 *(.bss)
 .bss           0x20000124       0x1c C:/ST/STM32CubeIDE_1.16.0/STM32CubeIDE/plugins/com.st.stm32cube.ide.mcu.externaltools.gnu-tools-for-stm32.12.3.rel1.win32_1.0.200.202406191623/tools/bin/../lib/gcc/arm-none-eabi/12.3.1/thumb/v7e-m+fp/hard/crtbegin.o
 *(.bss*)
 .bss.hcrc      0x20000140        0x8 ./Core/Src/main.o
                0x20000140                hcrc
 .bss.hi2s3     0x20000148       0x48 ./Core/Src/main.o
                0x20000148                hi2s3
 .bss.hdma_spi3_rx
                0x20000190       0x60 ./Core/Src/main.o
                0x20000190                hdma_spi3_rx
 .bss.htim4     0x200001f0       0x48 ./Core/Src/main.o
                0x200001f0                htim4
 .bss.adc_buffer
                0x20000238      0x180 ./Core/Src/main.o
                0x20000238                adc_buffer
 .bss.i2s_active
                0x200003b8        0x1 ./Core/Src/main.o
                0x200003b8                i2s_active
 .bss.usb_active
                0x200003b9        0x1 ./Core/Src/main.o
                0x200003b9                usb_active
 *fill*         0x200003ba        0x2 
 .bss.last_i2s_activity
                0x200003bc        0x4 ./Core/Src/main.o
                0x200003bc                last_i2s_activity
 .bss.last_check.1
                0x200003c0        0x4 ./Core/Src/main.o
 .bss.silent_count.0
                0x200003c4        0x4 ./Core/Src/main.o
 .bss.uwTick    0x200003c8        0x4 ./Drivers/STM32F4xx_HAL_Driver/Src/stm32f4xx_hal.o
                0x200003c8                uwTick
 .bss.cfgidx.0  0x200003cc        0x1 ./Middlewares/ST/STM32_USB_Device_Library/Core/Src/usbd_ctlreq.o
 *fill*         0x200003cd        0x3 
 .bss.hUsbDeviceFS
                0x200003d0      0x2dc ./USB_DEVICE/App/usb_device.o
                0x200003d0                hUsbDeviceFS
 .bss.USBD_StrDesc
                0x200006ac      0x200 ./USB_DEVICE/App/usbd_desc.o
                0x200006ac                USBD_StrDesc
 .bss.hpcd_USB_OTG_FS
                0x200008ac      0x4e4 ./USB_DEVICE/Target/usbd_conf.o
                0x200008ac                hpcd_USB_OTG_FS
 .bss.mem.0     0x20000d90     0x3d14 ./USB_DEVICE/Target/usbd_conf.o
 *(COMMON)
                0x20004aa4                        . = ALIGN (0x4)
                0x20004aa4                        _ebss = .
                0x20004aa4                        __bss_end__ = _ebss

._user_heap_stack
                0x20004aa4     0x6004
                0x20004aa8                        . = ALIGN (0x8)
 *fill*         0x20004aa4        0x4 
                [!provide]                        PROVIDE (end = .)
                0x20004aa8                        PROVIDE (_end = .)
                0x20006aa8                        . = (. + _Min_Heap_Size)
 *fill*         0x20004aa8     0x2000 
                0x2000aaa8                        . = (. + _Min_Stack_Size)
 *fill*         0x20006aa8     0x4000 
                0x2000aaa8                        . = ALIGN (0x8)

/DISCARD/
 libc.a(*)
 libm.a(*)
 libgcc.a(*)

.ARM.attributes
                0x00000000       0x30
 *(.ARM.attributes)
 .ARM.attributes
                0x00000000       0x22 C:/ST/STM32CubeIDE_1.16.0/STM32CubeIDE/plugins/com.st.stm32cube.ide.mcu.externaltools.gnu-tools-for-stm32.12.3.rel1.win32_1.0.200.202406191623/tools/bin/../lib/gcc/arm-none-eabi/12.3.1/thumb/v7e-m+fp/hard/crti.o
 .ARM.attributes
                0x00000022       0x34 C:/ST/STM32CubeIDE_1.16.0/STM32CubeIDE/plugins/com.st.stm32cube.ide.mcu.externaltools.gnu-tools-for-stm32.12.3.rel1.win32_1.0.200.202406191623/tools/bin/../lib/gcc/arm-none-eabi/12.3.1/thumb/v7e-m+fp/hard/crtbegin.o
 .ARM.attributes
                0x00000056       0x34 ./Core/Src/CS5361.o
 .ARM.attributes
                0x0000008a       0x34 ./Core/Src/main.o
 .ARM.attributes
                0x000000be       0x34 ./Core/Src/stm32f4xx_hal_msp.o
 .ARM.attributes
                0x000000f2       0x34 ./Core/Src/stm32f4xx_it.o
 .ARM.attributes
                0x00000126       0x34 ./Core/Src/system_stm32f4xx.o
 .ARM.attributes
                0x0000015a       0x21 ./Core/Startup/startup_stm32f407vgtx.o
 .ARM.attributes
                0x0000017b       0x34 ./Drivers/STM32F4xx_HAL_Driver/Src/stm32f4xx_hal.o
 .ARM.attributes
                0x000001af       0x34 ./Drivers/STM32F4xx_HAL_Driver/Src/stm32f4xx_hal_cortex.o
 .ARM.attributes
                0x000001e3       0x34 ./Drivers/STM32F4xx_HAL_Driver/Src/stm32f4xx_hal_crc.o
 .ARM.attributes
                0x00000217       0x34 ./Drivers/STM32F4xx_HAL_Driver/Src/stm32f4xx_hal_dma.o
 .ARM.attributes
                0x0000024b       0x34 ./Drivers/STM32F4xx_HAL_Driver/Src/stm32f4xx_hal_gpio.o
 .ARM.attributes
                0x0000027f       0x34 ./Drivers/STM32F4xx_HAL_Driver/Src/stm32f4xx_hal_i2s.o
 .ARM.attributes
                0x000002b3       0x34 ./Drivers/STM32F4xx_HAL_Driver/Src/stm32f4xx_hal_i2s_ex.o
 .ARM.attributes
                0x000002e7       0x34 ./Drivers/STM32F4xx_HAL_Driver/Src/stm32f4xx_hal_pcd.o
 .ARM.attributes
                0x0000031b       0x34 ./Drivers/STM32F4xx_HAL_Driver/Src/stm32f4xx_hal_pcd_ex.o
 .ARM.attributes
                0x0000034f       0x34 ./Drivers/STM32F4xx_HAL_Driver/Src/stm32f4xx_hal_rcc.o
 .ARM.attributes
                0x00000383       0x34 ./Drivers/STM32F4xx_HAL_Driver/Src/stm32f4xx_hal_rcc_ex.o
 .ARM.attributes
                0x000003b7       0x34 ./Drivers/STM32F4xx_HAL_Driver/Src/stm32f4xx_hal_tim.o
 .ARM.attributes
                0x000003eb       0x34 ./Drivers/STM32F4xx_HAL_Driver/Src/stm32f4xx_hal_tim_ex.o
 .ARM.attributes
                0x0000041f       0x34 ./Drivers/STM32F4xx_HAL_Driver/Src/stm32f4xx_ll_usb.o
 .ARM.attributes
                0x00000453       0x34 ./Middlewares/ST/STM32_USB_Device_Library/Class/AUDIO/Src/usbd_audio.o
 .ARM.attributes
                0x00000487       0x34 ./Middlewares/ST/STM32_USB_Device_Library/Core/Src/usbd_core.o
 .ARM.attributes
                0x000004bb       0x34 ./Middlewares/ST/STM32_USB_Device_Library/Core/Src/usbd_ctlreq.o
 .ARM.attributes
                0x000004ef       0x34 ./Middlewares/ST/STM32_USB_Device_Library/Core/Src/usbd_ioreq.o
 .ARM.attributes
                0x00000523       0x34 ./USB_DEVICE/App/usb_device.o
 .ARM.attributes
                0x00000557       0x34 ./USB_DEVICE/App/usbd_audio_if.o
 .ARM.attributes
                0x0000058b       0x34 ./USB_DEVICE/App/usbd_desc.o
 .ARM.attributes
                0x000005bf       0x34 ./USB_DEVICE/Target/usbd_conf.o
 .ARM.attributes
                0x000005f3       0x34 C:/ST/STM32CubeIDE_1.16.0/STM32CubeIDE/plugins/com.st.stm32cube.ide.mcu.externaltools.gnu-tools-for-stm32.12.3.rel1.win32_1.0.200.202406191623/tools/bin/../lib/gcc/arm-none-eabi/12.3.1/../../../../arm-none-eabi/lib/thumb/v7e-m+fp/hard\libc_nano.a(libc_a-memset.o)
 .ARM.attributes
                0x00000627       0x34 C:/ST/STM32CubeIDE_1.16.0/STM32CubeIDE/plugins/com.st.stm32cube.ide.mcu.externaltools.gnu-tools-for-stm32.12.3.rel1.win32_1.0.200.202406191623/tools/bin/../lib/gcc/arm-none-eabi/12.3.1/../../../../arm-none-eabi/lib/thumb/v7e-m+fp/hard\libc_nano.a(libc_a-init.o)
 .ARM.attributes
                0x0000065b       0x22 C:/ST/STM32CubeIDE_1.16.0/STM32CubeIDE/plugins/com.st.stm32cube.ide.mcu.externaltools.gnu-tools-for-stm32.12.3.rel1.win32_1.0.200.202406191623/tools/bin/../lib/gcc/arm-none-eabi/12.3.1/thumb/v7e-m+fp/hard\libgcc.a(_aeabi_uldivmod.o)
 .ARM.attributes
                0x0000067d       0x34 C:/ST/STM32CubeIDE_1.16.0/STM32CubeIDE/plugins/com.st.stm32cube.ide.mcu.externaltools.gnu-tools-for-stm32.12.3.rel1.win32_1.0.200.202406191623/tools/bin/../lib/gcc/arm-none-eabi/12.3.1/thumb/v7e-m+fp/hard\libgcc.a(_udivmoddi4.o)
 .ARM.attributes
                0x000006b1       0x22 C:/ST/STM32CubeIDE_1.16.0/STM32CubeIDE/plugins/com.st.stm32cube.ide.mcu.externaltools.gnu-tools-for-stm32.12.3.rel1.win32_1.0.200.202406191623/tools/bin/../lib/gcc/arm-none-eabi/12.3.1/thumb/v7e-m+fp/hard\libgcc.a(_dvmd_tls.o)
 .ARM.attributes
                0x000006d3       0x22 C:/ST/STM32CubeIDE_1.16.0/STM32CubeIDE/plugins/com.st.stm32cube.ide.mcu.externaltools.gnu-tools-for-stm32.12.3.rel1.win32_1.0.200.202406191623/tools/bin/../lib/gcc/arm-none-eabi/12.3.1/thumb/v7e-m+fp/hard/crtn.o
OUTPUT(test_all_dis.elf elf32-littlearm)
LOAD linker stubs
LOAD C:/ST/STM32CubeIDE_1.16.0/STM32CubeIDE/plugins/com.st.stm32cube.ide.mcu.externaltools.gnu-tools-for-stm32.12.3.rel1.win32_1.0.200.202406191623/tools/bin/../lib/gcc/arm-none-eabi/12.3.1/../../../../arm-none-eabi/lib/thumb/v7e-m+fp/hard\libc.a
LOAD C:/ST/STM32CubeIDE_1.16.0/STM32CubeIDE/plugins/com.st.stm32cube.ide.mcu.externaltools.gnu-tools-for-stm32.12.3.rel1.win32_1.0.200.202406191623/tools/bin/../lib/gcc/arm-none-eabi/12.3.1/../../../../arm-none-eabi/lib/thumb/v7e-m+fp/hard\libm.a
LOAD C:/ST/STM32CubeIDE_1.16.0/STM32CubeIDE/plugins/com.st.stm32cube.ide.mcu.externaltools.gnu-tools-for-stm32.12.3.rel1.win32_1.0.200.202406191623/tools/bin/../lib/gcc/arm-none-eabi/12.3.1/thumb/v7e-m+fp/hard\libgcc.a

.debug_info     0x00000000    0x16aa6
 .debug_info    0x00000000      0x34c ./Core/Src/CS5361.o
 .debug_info    0x0000034c     0x1d70 ./Core/Src/main.o
 .debug_info    0x000020bc     0x119f ./Core/Src/stm32f4xx_hal_msp.o
 .debug_info    0x0000325b      0xe69 ./Core/Src/stm32f4xx_it.o
 .debug_info    0x000040c4      0x512 ./Core/Src/system_stm32f4xx.o
 .debug_info    0x000045d6       0x30 ./Core/Startup/startup_stm32f407vgtx.o
 .debug_info    0x00004606      0x944 ./Drivers/STM32F4xx_HAL_Driver/Src/stm32f4xx_hal.o
 .debug_info    0x00004f4a      0xd8c ./Drivers/STM32F4xx_HAL_Driver/Src/stm32f4xx_hal_cortex.o
 .debug_info    0x00005cd6      0x37f ./Drivers/STM32F4xx_HAL_Driver/Src/stm32f4xx_hal_crc.o
 .debug_info    0x00006055      0x8e7 ./Drivers/STM32F4xx_HAL_Driver/Src/stm32f4xx_hal_dma.o
 .debug_info    0x0000693c      0x6c3 ./Drivers/STM32F4xx_HAL_Driver/Src/stm32f4xx_hal_gpio.o
 .debug_info    0x00006fff      0xdf8 ./Drivers/STM32F4xx_HAL_Driver/Src/stm32f4xx_hal_i2s.o
 .debug_info    0x00007df7      0xa9f ./Drivers/STM32F4xx_HAL_Driver/Src/stm32f4xx_hal_i2s_ex.o
 .debug_info    0x00008896     0x156f ./Drivers/STM32F4xx_HAL_Driver/Src/stm32f4xx_hal_pcd.o
 .debug_info    0x00009e05      0x6ea ./Drivers/STM32F4xx_HAL_Driver/Src/stm32f4xx_hal_pcd_ex.o
 .debug_info    0x0000a4ef      0x8af ./Drivers/STM32F4xx_HAL_Driver/Src/stm32f4xx_hal_rcc.o
 .debug_info    0x0000ad9e      0x536 ./Drivers/STM32F4xx_HAL_Driver/Src/stm32f4xx_hal_rcc_ex.o
 .debug_info    0x0000b2d4     0x299d ./Drivers/STM32F4xx_HAL_Driver/Src/stm32f4xx_hal_tim.o
 .debug_info    0x0000dc71     0x14db ./Drivers/STM32F4xx_HAL_Driver/Src/stm32f4xx_hal_tim_ex.o
 .debug_info    0x0000f14c     0x1993 ./Drivers/STM32F4xx_HAL_Driver/Src/stm32f4xx_ll_usb.o
 .debug_info    0x00010adf      0xf3d ./Middlewares/ST/STM32_USB_Device_Library/Class/AUDIO/Src/usbd_audio.o
 .debug_info    0x00011a1c      0xe05 ./Middlewares/ST/STM32_USB_Device_Library/Core/Src/usbd_core.o
 .debug_info    0x00012821      0xade ./Middlewares/ST/STM32_USB_Device_Library/Core/Src/usbd_ctlreq.o
 .debug_info    0x000132ff      0x755 ./Middlewares/ST/STM32_USB_Device_Library/Core/Src/usbd_ioreq.o
 .debug_info    0x00013a54      0x72c ./USB_DEVICE/App/usb_device.o
 .debug_info    0x00014180      0x862 ./USB_DEVICE/App/usbd_audio_if.o
 .debug_info    0x000149e2      0x458 ./USB_DEVICE/App/usbd_desc.o
 .debug_info    0x00014e3a     0x1c6c ./USB_DEVICE/Target/usbd_conf.o

.debug_abbrev   0x00000000     0x3de8
 .debug_abbrev  0x00000000      0x150 ./Core/Src/CS5361.o
 .debug_abbrev  0x00000150      0x3ad ./Core/Src/main.o
 .debug_abbrev  0x000004fd      0x26f ./Core/Src/stm32f4xx_hal_msp.o
 .debug_abbrev  0x0000076c      0x1e9 ./Core/Src/stm32f4xx_it.o
 .debug_abbrev  0x00000955      0x11a ./Core/Src/system_stm32f4xx.o
 .debug_abbrev  0x00000a6f       0x24 ./Core/Startup/startup_stm32f407vgtx.o
 .debug_abbrev  0x00000a93      0x214 ./Drivers/STM32F4xx_HAL_Driver/Src/stm32f4xx_hal.o
 .debug_abbrev  0x00000ca7      0x31d ./Drivers/STM32F4xx_HAL_Driver/Src/stm32f4xx_hal_cortex.o
 .debug_abbrev  0x00000fc4      0x1b1 ./Drivers/STM32F4xx_HAL_Driver/Src/stm32f4xx_hal_crc.o
 .debug_abbrev  0x00001175      0x264 ./Drivers/STM32F4xx_HAL_Driver/Src/stm32f4xx_hal_dma.o
 .debug_abbrev  0x000013d9      0x1d4 ./Drivers/STM32F4xx_HAL_Driver/Src/stm32f4xx_hal_gpio.o
 .debug_abbrev  0x000015ad      0x256 ./Drivers/STM32F4xx_HAL_Driver/Src/stm32f4xx_hal_i2s.o
 .debug_abbrev  0x00001803      0x276 ./Drivers/STM32F4xx_HAL_Driver/Src/stm32f4xx_hal_i2s_ex.o
 .debug_abbrev  0x00001a79      0x2b9 ./Drivers/STM32F4xx_HAL_Driver/Src/stm32f4xx_hal_pcd.o
 .debug_abbrev  0x00001d32      0x1da ./Drivers/STM32F4xx_HAL_Driver/Src/stm32f4xx_hal_pcd_ex.o
 .debug_abbrev  0x00001f0c      0x2b7 ./Drivers/STM32F4xx_HAL_Driver/Src/stm32f4xx_hal_rcc.o
 .debug_abbrev  0x000021c3      0x1b0 ./Drivers/STM32F4xx_HAL_Driver/Src/stm32f4xx_hal_rcc_ex.o
 .debug_abbrev  0x00002373      0x278 ./Drivers/STM32F4xx_HAL_Driver/Src/stm32f4xx_hal_tim.o
 .debug_abbrev  0x000025eb      0x283 ./Drivers/STM32F4xx_HAL_Driver/Src/stm32f4xx_hal_tim_ex.o
 .debug_abbrev  0x0000286e      0x2b3 ./Drivers/STM32F4xx_HAL_Driver/Src/stm32f4xx_ll_usb.o
 .debug_abbrev  0x00002b21      0x332 ./Middlewares/ST/STM32_USB_Device_Library/Class/AUDIO/Src/usbd_audio.o
 .debug_abbrev  0x00002e53      0x27c ./Middlewares/ST/STM32_USB_Device_Library/Core/Src/usbd_core.o
 .debug_abbrev  0x000030cf      0x26f ./Middlewares/ST/STM32_USB_Device_Library/Core/Src/usbd_ctlreq.o
 .debug_abbrev  0x0000333e      0x19a ./Middlewares/ST/STM32_USB_Device_Library/Core/Src/usbd_ioreq.o
 .debug_abbrev  0x000034d8      0x1d0 ./USB_DEVICE/App/usb_device.o
 .debug_abbrev  0x000036a8      0x217 ./USB_DEVICE/App/usbd_audio_if.o
 .debug_abbrev  0x000038bf      0x1e1 ./USB_DEVICE/App/usbd_desc.o
 .debug_abbrev  0x00003aa0      0x348 ./USB_DEVICE/Target/usbd_conf.o

.debug_aranges  0x00000000     0x1458
 .debug_aranges
                0x00000000       0x60 ./Core/Src/CS5361.o
 .debug_aranges
                0x00000060       0x80 ./Core/Src/main.o
 .debug_aranges
                0x000000e0       0x50 ./Core/Src/stm32f4xx_hal_msp.o
 .debug_aranges
                0x00000130       0x80 ./Core/Src/stm32f4xx_it.o
 .debug_aranges
                0x000001b0       0x28 ./Core/Src/system_stm32f4xx.o
 .debug_aranges
                0x000001d8       0x28 ./Core/Startup/startup_stm32f407vgtx.o
 .debug_aranges
                0x00000200       0xf0 ./Drivers/STM32F4xx_HAL_Driver/Src/stm32f4xx_hal.o
 .debug_aranges
                0x000002f0      0x130 ./Drivers/STM32F4xx_HAL_Driver/Src/stm32f4xx_hal_cortex.o
 .debug_aranges
                0x00000420       0x50 ./Drivers/STM32F4xx_HAL_Driver/Src/stm32f4xx_hal_crc.o
 .debug_aranges
                0x00000470       0x90 ./Drivers/STM32F4xx_HAL_Driver/Src/stm32f4xx_hal_dma.o
 .debug_aranges
                0x00000500       0x58 ./Drivers/STM32F4xx_HAL_Driver/Src/stm32f4xx_hal_gpio.o
 .debug_aranges
                0x00000558      0x108 ./Drivers/STM32F4xx_HAL_Driver/Src/stm32f4xx_hal_i2s.o
 .debug_aranges
                0x00000660       0x88 ./Drivers/STM32F4xx_HAL_Driver/Src/stm32f4xx_hal_i2s_ex.o
 .debug_aranges
                0x000006e8      0x148 ./Drivers/STM32F4xx_HAL_Driver/Src/stm32f4xx_hal_pcd.o
 .debug_aranges
                0x00000830       0x38 ./Drivers/STM32F4xx_HAL_Driver/Src/stm32f4xx_hal_pcd_ex.o
 .debug_aranges
                0x00000868       0x88 ./Drivers/STM32F4xx_HAL_Driver/Src/stm32f4xx_hal_rcc.o
 .debug_aranges
                0x000008f0       0x48 ./Drivers/STM32F4xx_HAL_Driver/Src/stm32f4xx_hal_rcc_ex.o
 .debug_aranges
                0x00000938      0x3d0 ./Drivers/STM32F4xx_HAL_Driver/Src/stm32f4xx_hal_tim.o
 .debug_aranges
                0x00000d08      0x168 ./Drivers/STM32F4xx_HAL_Driver/Src/stm32f4xx_hal_tim_ex.o
 .debug_aranges
                0x00000e70      0x1a0 ./Drivers/STM32F4xx_HAL_Driver/Src/stm32f4xx_ll_usb.o
 .debug_aranges
                0x00001010       0xa0 ./Middlewares/ST/STM32_USB_Device_Library/Class/AUDIO/Src/usbd_audio.o
 .debug_aranges
                0x000010b0       0xd8 ./Middlewares/ST/STM32_USB_Device_Library/Core/Src/usbd_core.o
 .debug_aranges
                0x00001188       0x90 ./Middlewares/ST/STM32_USB_Device_Library/Core/Src/usbd_ctlreq.o
 .debug_aranges
                0x00001218       0x50 ./Middlewares/ST/STM32_USB_Device_Library/Core/Src/usbd_ioreq.o
 .debug_aranges
                0x00001268       0x20 ./USB_DEVICE/App/usb_device.o
 .debug_aranges
                0x00001288       0x60 ./USB_DEVICE/App/usbd_audio_if.o
 .debug_aranges
                0x000012e8       0x60 ./USB_DEVICE/App/usbd_desc.o
 .debug_aranges
                0x00001348      0x110 ./USB_DEVICE/Target/usbd_conf.o

.debug_rnglists
                0x00000000      0xf78
 .debug_rnglists
                0x00000000       0x43 ./Core/Src/CS5361.o
 .debug_rnglists
                0x00000043       0x61 ./Core/Src/main.o
 .debug_rnglists
                0x000000a4       0x38 ./Core/Src/stm32f4xx_hal_msp.o
 .debug_rnglists
                0x000000dc       0x5b ./Core/Src/stm32f4xx_it.o
 .debug_rnglists
                0x00000137       0x1a ./Core/Src/system_stm32f4xx.o
 .debug_rnglists
                0x00000151       0x19 ./Core/Startup/startup_stm32f407vgtx.o
 .debug_rnglists
                0x0000016a       0xaf ./Drivers/STM32F4xx_HAL_Driver/Src/stm32f4xx_hal.o
 .debug_rnglists
                0x00000219       0xe0 ./Drivers/STM32F4xx_HAL_Driver/Src/stm32f4xx_hal_cortex.o
 .debug_rnglists
                0x000002f9       0x37 ./Drivers/STM32F4xx_HAL_Driver/Src/stm32f4xx_hal_crc.o
 .debug_rnglists
                0x00000330       0x70 ./Drivers/STM32F4xx_HAL_Driver/Src/stm32f4xx_hal_dma.o
 .debug_rnglists
                0x000003a0       0x3f ./Drivers/STM32F4xx_HAL_Driver/Src/stm32f4xx_hal_gpio.o
 .debug_rnglists
                0x000003df       0xcc ./Drivers/STM32F4xx_HAL_Driver/Src/stm32f4xx_hal_i2s.o
 .debug_rnglists
                0x000004ab       0x6a ./Drivers/STM32F4xx_HAL_Driver/Src/stm32f4xx_hal_i2s_ex.o
 .debug_rnglists
                0x00000515       0xfa ./Drivers/STM32F4xx_HAL_Driver/Src/stm32f4xx_hal_pcd.o
 .debug_rnglists
                0x0000060f       0x26 ./Drivers/STM32F4xx_HAL_Driver/Src/stm32f4xx_hal_pcd_ex.o
 .debug_rnglists
                0x00000635       0x66 ./Drivers/STM32F4xx_HAL_Driver/Src/stm32f4xx_hal_rcc.o
 .debug_rnglists
                0x0000069b       0x35 ./Drivers/STM32F4xx_HAL_Driver/Src/stm32f4xx_hal_rcc_ex.o
 .debug_rnglists
                0x000006d0      0x31a ./Drivers/STM32F4xx_HAL_Driver/Src/stm32f4xx_hal_tim.o
 .debug_rnglists
                0x000009ea      0x125 ./Drivers/STM32F4xx_HAL_Driver/Src/stm32f4xx_hal_tim_ex.o
 .debug_rnglists
                0x00000b0f      0x147 ./Drivers/STM32F4xx_HAL_Driver/Src/stm32f4xx_ll_usb.o
 .debug_rnglists
                0x00000c56       0x7a ./Middlewares/ST/STM32_USB_Device_Library/Class/AUDIO/Src/usbd_audio.o
 .debug_rnglists
                0x00000cd0       0xa1 ./Middlewares/ST/STM32_USB_Device_Library/Core/Src/usbd_core.o
 .debug_rnglists
                0x00000d71       0x6e ./Middlewares/ST/STM32_USB_Device_Library/Core/Src/usbd_ctlreq.o
 .debug_rnglists
                0x00000ddf       0x37 ./Middlewares/ST/STM32_USB_Device_Library/Core/Src/usbd_ioreq.o
 .debug_rnglists
                0x00000e16       0x13 ./USB_DEVICE/App/usb_device.o
 .debug_rnglists
                0x00000e29       0x43 ./USB_DEVICE/App/usbd_audio_if.o
 .debug_rnglists
                0x00000e6c       0x43 ./USB_DEVICE/App/usbd_desc.o
 .debug_rnglists
                0x00000eaf       0xc9 ./USB_DEVICE/Target/usbd_conf.o

.debug_macro    0x00000000    0x24b41
 .debug_macro   0x00000000      0x22a ./Core/Src/CS5361.o
 .debug_macro   0x0000022a      0xab4 ./Core/Src/CS5361.o
 .debug_macro   0x00000cde      0x2a7 ./Core/Src/CS5361.o
 .debug_macro   0x00000f85       0x2e ./Core/Src/CS5361.o
 .debug_macro   0x00000fb3       0x2f ./Core/Src/CS5361.o
 .debug_macro   0x00000fe2       0x22 ./Core/Src/CS5361.o
 .debug_macro   0x00001004       0x8e ./Core/Src/CS5361.o
 .debug_macro   0x00001092       0x51 ./Core/Src/CS5361.o
 .debug_macro   0x000010e3      0x103 ./Core/Src/CS5361.o
 .debug_macro   0x000011e6       0x6a ./Core/Src/CS5361.o
 .debug_macro   0x00001250      0x1df ./Core/Src/CS5361.o
 .debug_macro   0x0000142f       0x1c ./Core/Src/CS5361.o
 .debug_macro   0x0000144b       0x22 ./Core/Src/CS5361.o
 .debug_macro   0x0000146d       0xfb ./Core/Src/CS5361.o
 .debug_macro   0x00001568     0x1011 ./Core/Src/CS5361.o
 .debug_macro   0x00002579      0x11f ./Core/Src/CS5361.o
 .debug_macro   0x00002698    0x15e97 ./Core/Src/CS5361.o
 .debug_macro   0x0001852f       0x6d ./Core/Src/CS5361.o
 .debug_macro   0x0001859c     0x369a ./Core/Src/CS5361.o
 .debug_macro   0x0001bc36      0x189 ./Core/Src/CS5361.o
 .debug_macro   0x0001bdbf       0x5c ./Core/Src/CS5361.o
 .debug_macro   0x0001be1b      0x980 ./Core/Src/CS5361.o
 .debug_macro   0x0001c79b      0x9e9 ./Core/Src/CS5361.o
 .debug_macro   0x0001d184      0x115 ./Core/Src/CS5361.o
 .debug_macro   0x0001d299      0x13e ./Core/Src/CS5361.o
 .debug_macro   0x0001d3d7       0xa5 ./Core/Src/CS5361.o
 .debug_macro   0x0001d47c      0x174 ./Core/Src/CS5361.o
 .debug_macro   0x0001d5f0      0x287 ./Core/Src/CS5361.o
 .debug_macro   0x0001d877       0x5f ./Core/Src/CS5361.o
 .debug_macro   0x0001d8d6      0x236 ./Core/Src/CS5361.o
 .debug_macro   0x0001db0c       0x22 ./Core/Src/CS5361.o
 .debug_macro   0x0001db2e      0x12c ./Core/Src/CS5361.o
 .debug_macro   0x0001dc5a      0x21e ./Core/Src/CS5361.o
 .debug_macro   0x0001de78       0x2e ./Core/Src/CS5361.o
 .debug_macro   0x0001dea6      0x1a7 ./Core/Src/CS5361.o
 .debug_macro   0x0001e04d       0x46 ./Core/Src/CS5361.o
 .debug_macro   0x0001e093       0x4a ./Core/Src/CS5361.o
 .debug_macro   0x0001e0dd      0x127 ./Core/Src/CS5361.o
 .debug_macro   0x0001e204       0x7e ./Core/Src/CS5361.o
 .debug_macro   0x0001e282       0x89 ./Core/Src/CS5361.o
 .debug_macro   0x0001e30b      0x8ed ./Core/Src/CS5361.o
 .debug_macro   0x0001ebf8       0x4d ./Core/Src/CS5361.o
 .debug_macro   0x0001ec45      0x293 ./Core/Src/CS5361.o
 .debug_macro   0x0001eed8       0xba ./Core/Src/CS5361.o
 .debug_macro   0x0001ef92      0x12d ./Core/Src/CS5361.o
 .debug_macro   0x0001f0bf      0x11e ./Core/Src/CS5361.o
 .debug_macro   0x0001f1dd      0x3f3 ./Core/Src/main.o
 .debug_macro   0x0001f5d0       0x61 ./Core/Src/main.o
 .debug_macro   0x0001f631       0x2a ./Core/Src/main.o
 .debug_macro   0x0001f65b       0x43 ./Core/Src/main.o
 .debug_macro   0x0001f69e       0x34 ./Core/Src/main.o
 .debug_macro   0x0001f6d2       0x16 ./Core/Src/main.o
 .debug_macro   0x0001f6e8       0x35 ./Core/Src/main.o
 .debug_macro   0x0001f71d      0x369 ./Core/Src/main.o
 .debug_macro   0x0001fa86       0x10 ./Core/Src/main.o
 .debug_macro   0x0001fa96       0x16 ./Core/Src/main.o
 .debug_macro   0x0001faac       0x43 ./Core/Src/main.o
 .debug_macro   0x0001faef       0x34 ./Core/Src/main.o
 .debug_macro   0x0001fb23       0x10 ./Core/Src/main.o
 .debug_macro   0x0001fb33       0x58 ./Core/Src/main.o
 .debug_macro   0x0001fb8b       0x8e ./Core/Src/main.o
 .debug_macro   0x0001fc19       0x1c ./Core/Src/main.o
 .debug_macro   0x0001fc35      0x177 ./Core/Src/main.o
 .debug_macro   0x0001fdac       0x16 ./Core/Src/main.o
 .debug_macro   0x0001fdc2       0x16 ./Core/Src/main.o
 .debug_macro   0x0001fdd8      0x146 ./Core/Src/main.o
 .debug_macro   0x0001ff1e       0x16 ./Core/Src/main.o
 .debug_macro   0x0001ff34       0x16 ./Core/Src/main.o
 .debug_macro   0x0001ff4a       0x29 ./Core/Src/main.o
 .debug_macro   0x0001ff73       0x16 ./Core/Src/main.o
 .debug_macro   0x0001ff89       0x20 ./Core/Src/main.o
 .debug_macro   0x0001ffa9       0x6b ./Core/Src/main.o
 .debug_macro   0x00020014      0x20f ./Core/Src/main.o
 .debug_macro   0x00020223      0x19b ./Core/Src/main.o
 .debug_macro   0x000203be       0x22 ./Core/Src/main.o
 .debug_macro   0x000203e0       0xf5 ./Core/Src/main.o
 .debug_macro   0x000204d5      0x21a ./Core/Src/stm32f4xx_hal_msp.o
 .debug_macro   0x000206ef      0x21e ./Core/Src/stm32f4xx_it.o
 .debug_macro   0x0002090d      0x20b ./Core/Src/system_stm32f4xx.o
 .debug_macro   0x00020b18      0x26b ./Drivers/STM32F4xx_HAL_Driver/Src/stm32f4xx_hal.o
 .debug_macro   0x00020d83      0x20b ./Drivers/STM32F4xx_HAL_Driver/Src/stm32f4xx_hal_cortex.o
 .debug_macro   0x00020f8e      0x20b ./Drivers/STM32F4xx_HAL_Driver/Src/stm32f4xx_hal_crc.o
 .debug_macro   0x00021199      0x211 ./Drivers/STM32F4xx_HAL_Driver/Src/stm32f4xx_hal_dma.o
 .debug_macro   0x000213aa      0x211 ./Drivers/STM32F4xx_HAL_Driver/Src/stm32f4xx_hal_gpio.o
 .debug_macro   0x000215bb      0x213 ./Drivers/STM32F4xx_HAL_Driver/Src/stm32f4xx_hal_i2s.o
 .debug_macro   0x000217ce      0x20b ./Drivers/STM32F4xx_HAL_Driver/Src/stm32f4xx_hal_i2s_ex.o
 .debug_macro   0x000219d9      0x217 ./Drivers/STM32F4xx_HAL_Driver/Src/stm32f4xx_hal_pcd.o
 .debug_macro   0x00021bf0      0x20b ./Drivers/STM32F4xx_HAL_Driver/Src/stm32f4xx_hal_pcd_ex.o
 .debug_macro   0x00021dfb      0x22f ./Drivers/STM32F4xx_HAL_Driver/Src/stm32f4xx_hal_rcc.o
 .debug_macro   0x0002202a      0x20b ./Drivers/STM32F4xx_HAL_Driver/Src/stm32f4xx_hal_rcc_ex.o
 .debug_macro   0x00022235      0x20c ./Drivers/STM32F4xx_HAL_Driver/Src/stm32f4xx_hal_tim.o
 .debug_macro   0x00022441      0x20b ./Drivers/STM32F4xx_HAL_Driver/Src/stm32f4xx_hal_tim_ex.o
 .debug_macro   0x0002264c      0x20b ./Drivers/STM32F4xx_HAL_Driver/Src/stm32f4xx_ll_usb.o
 .debug_macro   0x00022857      0x3bb ./Middlewares/ST/STM32_USB_Device_Library/Class/AUDIO/Src/usbd_audio.o
 .debug_macro   0x00022c12       0x9e ./Middlewares/ST/STM32_USB_Device_Library/Class/AUDIO/Src/usbd_audio.o
 .debug_macro   0x00022cb0      0x10b ./Middlewares/ST/STM32_USB_Device_Library/Class/AUDIO/Src/usbd_audio.o
 .debug_macro   0x00022dbb       0x56 ./Middlewares/ST/STM32_USB_Device_Library/Class/AUDIO/Src/usbd_audio.o
 .debug_macro   0x00022e11      0x390 ./Middlewares/ST/STM32_USB_Device_Library/Core/Src/usbd_core.o
 .debug_macro   0x000231a1      0x215 ./Middlewares/ST/STM32_USB_Device_Library/Core/Src/usbd_core.o
 .debug_macro   0x000233b6      0x39a ./Middlewares/ST/STM32_USB_Device_Library/Core/Src/usbd_ctlreq.o
 .debug_macro   0x00023750      0x396 ./Middlewares/ST/STM32_USB_Device_Library/Core/Src/usbd_ioreq.o
 .debug_macro   0x00023ae6      0x3ca ./USB_DEVICE/App/usb_device.o
 .debug_macro   0x00023eb0      0x124 ./USB_DEVICE/App/usb_device.o
 .debug_macro   0x00023fd4       0x22 ./USB_DEVICE/App/usb_device.o
 .debug_macro   0x00023ff6      0x3af ./USB_DEVICE/App/usbd_audio_if.o
 .debug_macro   0x000243a5      0x3d3 ./USB_DEVICE/App/usbd_desc.o
 .debug_macro   0x00024778       0x1c ./USB_DEVICE/App/usbd_desc.o
 .debug_macro   0x00024794      0x3ad ./USB_DEVICE/Target/usbd_conf.o

.debug_line     0x00000000    0x1ada7
 .debug_line    0x00000000      0x8c5 ./Core/Src/CS5361.o
 .debug_line    0x000008c5      0xeba ./Core/Src/main.o
 .debug_line    0x0000177f      0x8d7 ./Core/Src/stm32f4xx_hal_msp.o
 .debug_line    0x00002056      0x8e8 ./Core/Src/stm32f4xx_it.o
 .debug_line    0x0000293e      0x84a ./Core/Src/system_stm32f4xx.o
 .debug_line    0x00003188       0x7a ./Core/Startup/startup_stm32f407vgtx.o
 .debug_line    0x00003202      0xab3 ./Drivers/STM32F4xx_HAL_Driver/Src/stm32f4xx_hal.o
 .debug_line    0x00003cb5      0xda5 ./Drivers/STM32F4xx_HAL_Driver/Src/stm32f4xx_hal_cortex.o
 .debug_line    0x00004a5a      0x90c ./Drivers/STM32F4xx_HAL_Driver/Src/stm32f4xx_hal_crc.o
 .debug_line    0x00005366     0x1023 ./Drivers/STM32F4xx_HAL_Driver/Src/stm32f4xx_hal_dma.o
 .debug_line    0x00006389      0xc3f ./Drivers/STM32F4xx_HAL_Driver/Src/stm32f4xx_hal_gpio.o
 .debug_line    0x00006fc8     0x14a7 ./Drivers/STM32F4xx_HAL_Driver/Src/stm32f4xx_hal_i2s.o
 .debug_line    0x0000846f     0x14dc ./Drivers/STM32F4xx_HAL_Driver/Src/stm32f4xx_hal_i2s_ex.o
 .debug_line    0x0000994b     0x159c ./Drivers/STM32F4xx_HAL_Driver/Src/stm32f4xx_hal_pcd.o
 .debug_line    0x0000aee7      0x890 ./Drivers/STM32F4xx_HAL_Driver/Src/stm32f4xx_hal_pcd_ex.o
 .debug_line    0x0000b777      0xe3e ./Drivers/STM32F4xx_HAL_Driver/Src/stm32f4xx_hal_rcc.o
 .debug_line    0x0000c5b5      0xac7 ./Drivers/STM32F4xx_HAL_Driver/Src/stm32f4xx_hal_rcc_ex.o
 .debug_line    0x0000d07c     0x3857 ./Drivers/STM32F4xx_HAL_Driver/Src/stm32f4xx_hal_tim.o
 .debug_line    0x000108d3     0x1aa9 ./Drivers/STM32F4xx_HAL_Driver/Src/stm32f4xx_hal_tim_ex.o
 .debug_line    0x0001237c     0x1e8e ./Drivers/STM32F4xx_HAL_Driver/Src/stm32f4xx_ll_usb.o
 .debug_line    0x0001420a      0xf52 ./Middlewares/ST/STM32_USB_Device_Library/Class/AUDIO/Src/usbd_audio.o
 .debug_line    0x0001515c      0xfc5 ./Middlewares/ST/STM32_USB_Device_Library/Core/Src/usbd_core.o
 .debug_line    0x00016121     0x11d5 ./Middlewares/ST/STM32_USB_Device_Library/Core/Src/usbd_ctlreq.o
 .debug_line    0x000172f6      0xadf ./Middlewares/ST/STM32_USB_Device_Library/Core/Src/usbd_ioreq.o
 .debug_line    0x00017dd5      0xaa1 ./USB_DEVICE/App/usb_device.o
 .debug_line    0x00018876      0xb2b ./USB_DEVICE/App/usbd_audio_if.o
 .debug_line    0x000193a1      0xb64 ./USB_DEVICE/App/usbd_desc.o
 .debug_line    0x00019f05      0xea2 ./USB_DEVICE/Target/usbd_conf.o

.debug_str      0x00000000    0xd008b
 .debug_str     0x00000000    0xc4f64 ./Core/Src/CS5361.o
                              0xc51f8 (size before relaxing)
 .debug_str     0x000c4f64     0x664a ./Core/Src/main.o
                              0xcb868 (size before relaxing)
 .debug_str     0x000cb5ae      0x197 ./Core/Src/stm32f4xx_hal_msp.o
                              0xc5fb2 (size before relaxing)
 .debug_str     0x000cb745      0x4af ./Core/Src/stm32f4xx_it.o
                              0xc5b75 (size before relaxing)
 .debug_str     0x000cbbf4       0xdb ./Core/Src/system_stm32f4xx.o
                              0xc4cd0 (size before relaxing)
 .debug_str     0x000cbccf       0x44 ./Core/Startup/startup_stm32f407vgtx.o
                                 0x77 (size before relaxing)
 .debug_str     0x000cbd13      0x5e4 ./Drivers/STM32F4xx_HAL_Driver/Src/stm32f4xx_hal.o
                              0xc5854 (size before relaxing)
 .debug_str     0x000cc2f7      0x361 ./Drivers/STM32F4xx_HAL_Driver/Src/stm32f4xx_hal_cortex.o
                              0xc55d0 (size before relaxing)
 .debug_str     0x000cc658       0x9d ./Drivers/STM32F4xx_HAL_Driver/Src/stm32f4xx_hal_crc.o
                              0xc4cfe (size before relaxing)
 .debug_str     0x000cc6f5      0x2e6 ./Drivers/STM32F4xx_HAL_Driver/Src/stm32f4xx_hal_dma.o
                              0xc50ea (size before relaxing)
 .debug_str     0x000cc9db      0x109 ./Drivers/STM32F4xx_HAL_Driver/Src/stm32f4xx_hal_gpio.o
                              0xc4e4b (size before relaxing)
 .debug_str     0x000ccae4      0x261 ./Drivers/STM32F4xx_HAL_Driver/Src/stm32f4xx_hal_i2s.o
                              0xc52c1 (size before relaxing)
 .debug_str     0x000ccd45      0x1d6 ./Drivers/STM32F4xx_HAL_Driver/Src/stm32f4xx_hal_i2s_ex.o
                              0xc51bc (size before relaxing)
 .debug_str     0x000ccf1b      0x831 ./Drivers/STM32F4xx_HAL_Driver/Src/stm32f4xx_hal_pcd.o
                              0xc57ae (size before relaxing)
 .debug_str     0x000cd74c      0x115 ./Drivers/STM32F4xx_HAL_Driver/Src/stm32f4xx_hal_pcd_ex.o
                              0xc509e (size before relaxing)
 .debug_str     0x000cd861      0x214 ./Drivers/STM32F4xx_HAL_Driver/Src/stm32f4xx_hal_rcc.o