../Middlewares/ST/STM32_USB_Device_Library/Class/AUDIO/Src/usbd_audio.c:351:16:USBD_AUDIO_Init	24	static
../Middlewares/ST/STM32_USB_Device_Library/Class/AUDIO/Src/usbd_audio.c:389:16:USBD_AUDIO_DeInit	16	static
../Middlewares/ST/STM32_USB_Device_Library/Class/AUDIO/Src/usbd_audio.c:416:16:USBD_AUDIO_Setup	32	static
../Middlewares/ST/STM32_USB_Device_Library/Class/AUDIO/Src/usbd_audio.c:542:17:USBD_AUDIO_GetCfgDesc	16	static
../Middlewares/ST/STM32_USB_Device_Library/Class/AUDIO/Src/usbd_audio.c:556:16:USBD_AUDIO_DataIn	24	static
../Middlewares/ST/STM32_USB_Device_Library/Class/AUDIO/Src/usbd_audio.c:591:16:USBD_AUDIO_EP0_RxReady	24	static
../Middlewares/ST/STM32_USB_Device_Library/Class/AUDIO/Src/usbd_audio.c:621:16:USBD_AUDIO_EP0_TxReady	16	static
../Middlewares/ST/STM32_USB_Device_Library/Class/AUDIO/Src/usbd_audio.c:634:16:USBD_AUDIO_SOF	16	static
../Middlewares/ST/STM32_USB_Device_Library/Class/AUDIO/Src/usbd_audio.c:648:6:USBD_AUDIO_Sync	24	static
../Middlewares/ST/STM32_USB_Device_Library/Class/AUDIO/Src/usbd_audio.c:716:16:USBD_AUDIO_IsoINIncomplete	16	static
../Middlewares/ST/STM32_USB_Device_Library/Class/AUDIO/Src/usbd_audio.c:730:16:USBD_AUDIO_IsoOutIncomplete	24	static
../Middlewares/ST/STM32_USB_Device_Library/Class/AUDIO/Src/usbd_audio.c:755:16:USBD_AUDIO_DataOut	24	static
../Middlewares/ST/STM32_USB_Device_Library/Class/AUDIO/Src/usbd_audio.c:819:13:AUDIO_REQ_GetCurrent	24	static
../Middlewares/ST/STM32_USB_Device_Library/Class/AUDIO/Src/usbd_audio.c:843:13:AUDIO_REQ_SetCurrent	24	static
../Middlewares/ST/STM32_USB_Device_Library/Class/AUDIO/Src/usbd_audio.c:871:17:USBD_AUDIO_GetDeviceQualifierDesc	16	static
../Middlewares/ST/STM32_USB_Device_Library/Class/AUDIO/Src/usbd_audio.c:884:9:USBD_AUDIO_RegisterInterface	16	static
../Middlewares/ST/STM32_USB_Device_Library/Class/AUDIO/Src/usbd_audio.c:927:14:USBD_AUDIO_GetAudioHeaderDesc	32	static
